Archive member included to satisfy reference by file (symbol)

d:/quartus/nios2eds/bin/gnu/h-x86_64-mingw32/bin/../lib/gcc/nios2-elf/5.3.0/../../../../../H-x86_64-mingw32/nios2-elf/lib/mno-hw-mul\libsmallc.a(lib_a-puts.o)
                              obj/default/hello_world.o (puts)
d:/quartus/nios2eds/bin/gnu/h-x86_64-mingw32/bin/../lib/gcc/nios2-elf/5.3.0/../../../../../H-x86_64-mingw32/nios2-elf/lib/mno-hw-mul\libsmallc.a(lib_a-strlen.o)
                              d:/quartus/nios2eds/bin/gnu/h-x86_64-mingw32/bin/../lib/gcc/nios2-elf/5.3.0/../../../../../H-x86_64-mingw32/nios2-elf/lib/mno-hw-mul\libsmallc.a(lib_a-puts.o) (strlen)
d:/quartus/nios2eds/bin/gnu/h-x86_64-mingw32/bin/../lib/gcc/nios2-elf/5.3.0/../../../../../H-x86_64-mingw32/nios2-elf/lib/mno-hw-mul\libsmallc.a(lib_a-fvwrite_small_dev.o)
                              d:/quartus/nios2eds/bin/gnu/h-x86_64-mingw32/bin/../lib/gcc/nios2-elf/5.3.0/../../../../../H-x86_64-mingw32/nios2-elf/lib/mno-hw-mul\libsmallc.a(lib_a-puts.o) (__sfvwrite_small_dev)
d:/quartus/nios2eds/bin/gnu/h-x86_64-mingw32/bin/../lib/gcc/nios2-elf/5.3.0/../../../../../H-x86_64-mingw32/nios2-elf/lib/mno-hw-mul\libsmallc.a(lib_a-impure.o)
                              d:/quartus/nios2eds/bin/gnu/h-x86_64-mingw32/bin/../lib/gcc/nios2-elf/5.3.0/../../../../../H-x86_64-mingw32/nios2-elf/lib/mno-hw-mul\libsmallc.a(lib_a-puts.o) (_impure_ptr)
d:/quartus/nios2eds/bin/gnu/h-x86_64-mingw32/bin/../lib/gcc/nios2-elf/5.3.0/../../../../../H-x86_64-mingw32/nios2-elf/lib/mno-hw-mul\libsmallc.a(lib_a-writer.o)
                              d:/quartus/nios2eds/bin/gnu/h-x86_64-mingw32/bin/../lib/gcc/nios2-elf/5.3.0/../../../../../H-x86_64-mingw32/nios2-elf/lib/mno-hw-mul\libsmallc.a(lib_a-fvwrite_small_dev.o) (_write_r)
d:/quartus/nios2eds/bin/gnu/h-x86_64-mingw32/bin/../lib/gcc/nios2-elf/5.3.0/../../../../../H-x86_64-mingw32/nios2-elf/lib/mno-hw-mul\libsmallc.a(lib_a-int_errno.o)
                              d:/quartus/nios2eds/bin/gnu/h-x86_64-mingw32/bin/../lib/gcc/nios2-elf/5.3.0/../../../../../H-x86_64-mingw32/nios2-elf/lib/mno-hw-mul\libsmallc.a(lib_a-writer.o) (errno)
../test_bsp/\libhal_bsp.a(alt_load.o)
                              ../test_bsp//obj/HAL/src/crt0.o (alt_load)
../test_bsp/\libhal_bsp.a(alt_main.o)
                              ../test_bsp//obj/HAL/src/crt0.o (alt_main)
../test_bsp/\libhal_bsp.a(alt_write.o)
                              d:/quartus/nios2eds/bin/gnu/h-x86_64-mingw32/bin/../lib/gcc/nios2-elf/5.3.0/../../../../../H-x86_64-mingw32/nios2-elf/lib/mno-hw-mul\libsmallc.a(lib_a-writer.o) (write)
../test_bsp/\libhal_bsp.a(alt_sys_init.o)
                              ../test_bsp/\libhal_bsp.a(alt_main.o) (alt_irq_init)
../test_bsp/\libhal_bsp.a(altera_avalon_jtag_uart_fd.o)
                              ../test_bsp/\libhal_bsp.a(alt_sys_init.o) (altera_avalon_jtag_uart_read_fd)
../test_bsp/\libhal_bsp.a(altera_avalon_jtag_uart_init.o)
                              ../test_bsp/\libhal_bsp.a(alt_sys_init.o) (altera_avalon_jtag_uart_init)
../test_bsp/\libhal_bsp.a(altera_avalon_jtag_uart_ioctl.o)
                              ../test_bsp/\libhal_bsp.a(altera_avalon_jtag_uart_fd.o) (altera_avalon_jtag_uart_ioctl)
../test_bsp/\libhal_bsp.a(altera_avalon_jtag_uart_read.o)
                              ../test_bsp/\libhal_bsp.a(altera_avalon_jtag_uart_fd.o) (altera_avalon_jtag_uart_read)
../test_bsp/\libhal_bsp.a(altera_avalon_jtag_uart_write.o)
                              ../test_bsp/\libhal_bsp.a(altera_avalon_jtag_uart_fd.o) (altera_avalon_jtag_uart_write)
../test_bsp/\libhal_bsp.a(alt_alarm_start.o)
                              ../test_bsp/\libhal_bsp.a(altera_avalon_jtag_uart_init.o) (alt_alarm_start)
../test_bsp/\libhal_bsp.a(alt_close.o)
                              ../test_bsp/\libhal_bsp.a(alt_main.o) (close)
../test_bsp/\libhal_bsp.a(alt_dcache_flush_all.o)
                              ../test_bsp/\libhal_bsp.a(alt_load.o) (alt_dcache_flush_all)
../test_bsp/\libhal_bsp.a(alt_dev.o)
                              ../test_bsp/\libhal_bsp.a(alt_sys_init.o) (alt_dev_list)
../test_bsp/\libhal_bsp.a(alt_dev_llist_insert.o)
                              ../test_bsp/\libhal_bsp.a(alt_sys_init.o) (alt_dev_llist_insert)
../test_bsp/\libhal_bsp.a(alt_errno.o)
                              ../test_bsp/\libhal_bsp.a(alt_write.o) (alt_errno)
../test_bsp/\libhal_bsp.a(alt_icache_flush_all.o)
                              ../test_bsp/\libhal_bsp.a(alt_load.o) (alt_icache_flush_all)
../test_bsp/\libhal_bsp.a(alt_iic.o)
                              ../test_bsp/\libhal_bsp.a(altera_avalon_jtag_uart_init.o) (alt_ic_isr_register)
../test_bsp/\libhal_bsp.a(alt_iic_isr_register.o)
                              ../test_bsp/\libhal_bsp.a(alt_iic.o) (alt_iic_isr_register)
../test_bsp/\libhal_bsp.a(alt_io_redirect.o)
                              ../test_bsp/\libhal_bsp.a(alt_main.o) (alt_io_redirect)
../test_bsp/\libhal_bsp.a(alt_irq_entry.o)
                              ../test_bsp/\libhal_bsp.a(alt_iic_isr_register.o) (alt_irq_entry)
../test_bsp/\libhal_bsp.a(alt_irq_handler.o)
                              ../test_bsp/\libhal_bsp.a(alt_iic_isr_register.o) (alt_irq)
../test_bsp/\libhal_bsp.a(alt_irq_vars.o)
                              ../test_bsp/\libhal_bsp.a(alt_iic.o) (alt_irq_active)
../test_bsp/\libhal_bsp.a(alt_open.o)
                              ../test_bsp/\libhal_bsp.a(alt_io_redirect.o) (open)
../test_bsp/\libhal_bsp.a(alt_release_fd.o)
                              ../test_bsp/\libhal_bsp.a(alt_close.o) (alt_release_fd)
../test_bsp/\libhal_bsp.a(alt_tick.o)
                              ../test_bsp/\libhal_bsp.a(altera_avalon_jtag_uart_init.o) (_alt_tick_rate)
../test_bsp/\libhal_bsp.a(altera_nios2_gen2_irq.o)
                              ../test_bsp/\libhal_bsp.a(alt_sys_init.o) (altera_nios2_gen2_irq_init)
../test_bsp/\libhal_bsp.a(alt_exception_entry.o)
                              ../test_bsp/\libhal_bsp.a(alt_irq_entry.o) (alt_exception)
../test_bsp/\libhal_bsp.a(alt_find_dev.o)
                              ../test_bsp/\libhal_bsp.a(alt_open.o) (alt_find_dev)
../test_bsp/\libhal_bsp.a(alt_find_file.o)
                              ../test_bsp/\libhal_bsp.a(alt_open.o) (alt_find_file)
../test_bsp/\libhal_bsp.a(alt_get_fd.o)
                              ../test_bsp/\libhal_bsp.a(alt_open.o) (alt_get_fd)
../test_bsp/\libhal_bsp.a(alt_instruction_exception_entry.o)
                              ../test_bsp/\libhal_bsp.a(alt_exception_entry.o) (alt_instruction_exception_entry)
d:/quartus/nios2eds/bin/gnu/h-x86_64-mingw32/bin/../lib/gcc/nios2-elf/5.3.0/../../../../../H-x86_64-mingw32/nios2-elf/lib/mno-hw-mul\libsmallc.a(lib_a-exit.o)
                              ../test_bsp/\libhal_bsp.a(alt_main.o) (exit)
d:/quartus/nios2eds/bin/gnu/h-x86_64-mingw32/bin/../lib/gcc/nios2-elf/5.3.0/../../../../../H-x86_64-mingw32/nios2-elf/lib/mno-hw-mul\libsmallc.a(lib_a-memcmp.o)
                              ../test_bsp/\libhal_bsp.a(alt_find_dev.o) (memcmp)
d:/quartus/nios2eds/bin/gnu/h-x86_64-mingw32/bin/../lib/gcc/nios2-elf/5.3.0/../../../../../H-x86_64-mingw32/nios2-elf/lib/mno-hw-mul\libsmallc.a(lib_a-memcpy.o)
                              ../test_bsp/\libhal_bsp.a(altera_avalon_jtag_uart_read.o) (memcpy)
d:/quartus/nios2eds/bin/gnu/h-x86_64-mingw32/bin/../lib/gcc/nios2-elf/5.3.0/../../../../../H-x86_64-mingw32/nios2-elf/lib/mno-hw-mul\libsmallc.a(lib_a-__call_atexit.o)
                              d:/quartus/nios2eds/bin/gnu/h-x86_64-mingw32/bin/../lib/gcc/nios2-elf/5.3.0/../../../../../H-x86_64-mingw32/nios2-elf/lib/mno-hw-mul\libsmallc.a(lib_a-exit.o) (__call_exitprocs)
d:/quartus/nios2eds/bin/gnu/h-x86_64-mingw32/bin/../lib/gcc/nios2-elf/5.3.0/mno-hw-mul\libgcc.a(lib2-mul.o)
                              ../test_bsp/\libhal_bsp.a(alt_write.o) (__mulsi3)
../test_bsp/\libhal_bsp.a(alt_exit.o)
                              d:/quartus/nios2eds/bin/gnu/h-x86_64-mingw32/bin/../lib/gcc/nios2-elf/5.3.0/../../../../../H-x86_64-mingw32/nios2-elf/lib/mno-hw-mul\libsmallc.a(lib_a-exit.o) (_exit)

Allocating common symbols
Common symbol       size              file

alt_irq             0x100             ../test_bsp/\libhal_bsp.a(alt_irq_handler.o)
errno               0x4               d:/quartus/nios2eds/bin/gnu/h-x86_64-mingw32/bin/../lib/gcc/nios2-elf/5.3.0/../../../../../H-x86_64-mingw32/nios2-elf/lib/mno-hw-mul\libsmallc.a(lib_a-int_errno.o)

Memory Configuration

Name             Origin             Length             Attributes
reset            0x0000000000010000 0x0000000000000020
onchip_memory2_0 0x0000000000010020 0x000000000000bb60
*default*        0x0000000000000000 0xffffffffffffffff

Linker script and memory map

LOAD ../test_bsp//obj/HAL/src/crt0.o
LOAD obj/default/hello_world.o
LOAD d:/quartus/nios2eds/bin/gnu/h-x86_64-mingw32/bin/../lib/gcc/nios2-elf/5.3.0/../../../../../H-x86_64-mingw32/nios2-elf/lib/mno-hw-mul\libstdc++.a
LOAD d:/quartus/nios2eds/bin/gnu/h-x86_64-mingw32/bin/../lib/gcc/nios2-elf/5.3.0/../../../../../H-x86_64-mingw32/nios2-elf/lib/mno-hw-mul\libm.a
LOAD d:/quartus/nios2eds/bin/gnu/h-x86_64-mingw32/bin/../lib/gcc/nios2-elf/5.3.0/mno-hw-mul\libgcc.a
START GROUP
LOAD d:/quartus/nios2eds/bin/gnu/h-x86_64-mingw32/bin/../lib/gcc/nios2-elf/5.3.0/../../../../../H-x86_64-mingw32/nios2-elf/lib/mno-hw-mul\libsmallc.a
LOAD d:/quartus/nios2eds/bin/gnu/h-x86_64-mingw32/bin/../lib/gcc/nios2-elf/5.3.0/mno-hw-mul\libgcc.a
LOAD ../test_bsp/\libhal_bsp.a
LOAD d:/quartus/nios2eds/bin/gnu/h-x86_64-mingw32/bin/../lib/gcc/nios2-elf/5.3.0/../../../../../H-x86_64-mingw32/nios2-elf/lib/mno-hw-mul\libm.a
END GROUP
LOAD d:/quartus/nios2eds/bin/gnu/h-x86_64-mingw32/bin/../lib/gcc/nios2-elf/5.3.0/mno-hw-mul\libgcc.a
                0x0000000000010000                __alt_mem_onchip_memory2_0 = 0x10000

.entry          0x0000000000010000       0x20
 *(.entry)
 .entry         0x0000000000010000       0x20 ../test_bsp//obj/HAL/src/crt0.o
                0x0000000000010000                __reset

.exceptions     0x0000000000010020      0x210
                0x0000000000010020                PROVIDE (__ram_exceptions_start, ABSOLUTE (.))
                0x0000000000010020                . = ALIGN (0x20)
 *(.irq)
 *(.exceptions.entry.label)
 .exceptions.entry.label
                0x0000000000010020        0x0 ../test_bsp/\libhal_bsp.a(alt_irq_entry.o)
                0x0000000000010020                alt_irq_entry
 .exceptions.entry.label
                0x0000000000010020        0x0 ../test_bsp/\libhal_bsp.a(alt_exception_entry.o)
                0x0000000000010020                alt_exception
 *(.exceptions.entry.user)
 *(.exceptions.entry.ecc_fatal)
 *(.exceptions.entry)
 .exceptions.entry
                0x0000000000010020       0x54 ../test_bsp/\libhal_bsp.a(alt_exception_entry.o)
 *(.exceptions.irqtest.user)
 *(.exceptions.irqtest)
 .exceptions.irqtest
                0x0000000000010074       0x10 ../test_bsp/\libhal_bsp.a(alt_irq_entry.o)
 *(.exceptions.irqhandler.user)
 *(.exceptions.irqhandler)
 .exceptions.irqhandler
                0x0000000000010084        0x4 ../test_bsp/\libhal_bsp.a(alt_irq_entry.o)
 *(.exceptions.irqreturn.user)
 *(.exceptions.irqreturn)
 .exceptions.irqreturn
                0x0000000000010088        0x4 ../test_bsp/\libhal_bsp.a(alt_irq_entry.o)
 *(.exceptions.notirq.label)
 .exceptions.notirq.label
                0x000000000001008c        0x0 ../test_bsp/\libhal_bsp.a(alt_irq_entry.o)
 *(.exceptions.notirq.user)
 *(.exceptions.notirq)
 .exceptions.notirq
                0x000000000001008c        0x8 ../test_bsp/\libhal_bsp.a(alt_exception_entry.o)
 *(.exceptions.soft.user)
 *(.exceptions.soft)
 *(.exceptions.unknown.user)
 *(.exceptions.unknown)
 .exceptions.unknown
                0x0000000000010094       0x14 ../test_bsp/\libhal_bsp.a(alt_exception_entry.o)
 *(.exceptions.exit.label)
 .exceptions.exit.label
                0x00000000000100a8        0x0 ../test_bsp/\libhal_bsp.a(alt_irq_entry.o)
 .exceptions.exit.label
                0x00000000000100a8        0x0 ../test_bsp/\libhal_bsp.a(alt_exception_entry.o)
 *(.exceptions.exit.user)
 *(.exceptions.exit)
 .exceptions.exit
                0x00000000000100a8       0x54 ../test_bsp/\libhal_bsp.a(alt_exception_entry.o)
 *(.exceptions)
 .exceptions    0x00000000000100fc       0xd4 ../test_bsp/\libhal_bsp.a(alt_irq_handler.o)
                0x00000000000100fc                alt_irq_handler
 .exceptions    0x00000000000101d0       0x60 ../test_bsp/\libhal_bsp.a(alt_instruction_exception_entry.o)
                0x00000000000101d0                alt_instruction_exception_entry
                0x0000000000010230                PROVIDE (__ram_exceptions_end, ABSOLUTE (.))
                0x0000000000010020                PROVIDE (__flash_exceptions_start, LOADADDR (.exceptions))

.text           0x0000000000010230     0x219c
                [!provide]                        PROVIDE (stext, ABSOLUTE (.))
 *(.interp)
 *(.hash)
 *(.dynsym)
 *(.dynstr)
 *(.gnu.version)
 *(.gnu.version_d)
 *(.gnu.version_r)
 *(.rel.init)
 *(.rela.init)
 *(.rel.text .rel.text.* .rel.gnu.linkonce.t.*)
 *(.rela.text .rela.text.* .rela.gnu.linkonce.t.*)
 *(.rel.fini)
 *(.rela.fini)
 *(.rel.rodata .rel.rodata.* .rel.gnu.linkonce.r.*)
 *(.rela.rodata .rela.rodata.* .rela.gnu.linkonce.r.*)
 *(.rel.data .rel.data.* .rel.gnu.linkonce.d.*)
 *(.rela.data .rela.data.* .rela.gnu.linkonce.d.*)
 *(.rel.tdata .rel.tdata.* .rel.gnu.linkonce.td.*)
 *(.rela.tdata .rela.tdata.* .rela.gnu.linkonce.td.*)
 *(.rel.tbss .rel.tbss.* .rel.gnu.linkonce.tb.*)
 *(.rela.tbss .rela.tbss.* .rela.gnu.linkonce.tb.*)
 *(.rel.ctors)
 *(.rela.ctors)
 *(.rel.dtors)
 *(.rela.dtors)
 *(.rel.got)
 *(.rela.got)
 *(.rel.sdata .rel.sdata.* .rel.gnu.linkonce.s.*)
 *(.rela.sdata .rela.sdata.* .rela.gnu.linkonce.s.*)
 *(.rel.sbss .rel.sbss.* .rel.gnu.linkonce.sb.*)
 *(.rela.sbss .rela.sbss.* .rela.gnu.linkonce.sb.*)
 *(.rel.sdata2 .rel.sdata2.* .rel.gnu.linkonce.s2.*)
 *(.rela.sdata2 .rela.sdata2.* .rela.gnu.linkonce.s2.*)
 *(.rel.sbss2 .rel.sbss2.* .rel.gnu.linkonce.sb2.*)
 *(.rela.sbss2 .rela.sbss2.* .rela.gnu.linkonce.sb2.*)
 *(.rel.bss .rel.bss.* .rel.gnu.linkonce.b.*)
 *(.rela.bss .rela.bss.* .rela.gnu.linkonce.b.*)
 *(.rel.plt)
 *(.rela.plt)
 *(.rel.dyn)
 *(.init)
 *(.plt)
 *(.text .stub .text.* .gnu.linkonce.t.*)
 .text          0x0000000000010230       0x3c ../test_bsp//obj/HAL/src/crt0.o
                0x0000000000010230                _start
 .text          0x000000000001026c       0x34 obj/default/hello_world.o
                0x000000000001026c                main
 .text          0x00000000000102a0        0x0 d:/quartus/nios2eds/bin/gnu/h-x86_64-mingw32/bin/../lib/gcc/nios2-elf/5.3.0/../../../../../H-x86_64-mingw32/nios2-elf/lib/mno-hw-mul\libsmallc.a(lib_a-puts.o)
 .text._puts_r  0x00000000000102a0       0x80 d:/quartus/nios2eds/bin/gnu/h-x86_64-mingw32/bin/../lib/gcc/nios2-elf/5.3.0/../../../../../H-x86_64-mingw32/nios2-elf/lib/mno-hw-mul\libsmallc.a(lib_a-puts.o)
                0x00000000000102a0                _puts_r
 .text.puts     0x0000000000010320       0x14 d:/quartus/nios2eds/bin/gnu/h-x86_64-mingw32/bin/../lib/gcc/nios2-elf/5.3.0/../../../../../H-x86_64-mingw32/nios2-elf/lib/mno-hw-mul\libsmallc.a(lib_a-puts.o)
                0x0000000000010320                puts
 .text          0x0000000000010334        0x0 d:/quartus/nios2eds/bin/gnu/h-x86_64-mingw32/bin/../lib/gcc/nios2-elf/5.3.0/../../../../../H-x86_64-mingw32/nios2-elf/lib/mno-hw-mul\libsmallc.a(lib_a-strlen.o)
 .text.strlen   0x0000000000010334       0x1c d:/quartus/nios2eds/bin/gnu/h-x86_64-mingw32/bin/../lib/gcc/nios2-elf/5.3.0/../../../../../H-x86_64-mingw32/nios2-elf/lib/mno-hw-mul\libsmallc.a(lib_a-strlen.o)
                0x0000000000010334                strlen
 .text          0x0000000000010350        0x0 d:/quartus/nios2eds/bin/gnu/h-x86_64-mingw32/bin/../lib/gcc/nios2-elf/5.3.0/../../../../../H-x86_64-mingw32/nios2-elf/lib/mno-hw-mul\libsmallc.a(lib_a-fvwrite_small_dev.o)
 .text.__sfvwrite_small_dev
                0x0000000000010350       0xb8 d:/quartus/nios2eds/bin/gnu/h-x86_64-mingw32/bin/../lib/gcc/nios2-elf/5.3.0/../../../../../H-x86_64-mingw32/nios2-elf/lib/mno-hw-mul\libsmallc.a(lib_a-fvwrite_small_dev.o)
                0x0000000000010350                __sfvwrite_small_dev
 .text          0x0000000000010408        0x0 d:/quartus/nios2eds/bin/gnu/h-x86_64-mingw32/bin/../lib/gcc/nios2-elf/5.3.0/../../../../../H-x86_64-mingw32/nios2-elf/lib/mno-hw-mul\libsmallc.a(lib_a-impure.o)
 .text          0x0000000000010408        0x0 d:/quartus/nios2eds/bin/gnu/h-x86_64-mingw32/bin/../lib/gcc/nios2-elf/5.3.0/../../../../../H-x86_64-mingw32/nios2-elf/lib/mno-hw-mul\libsmallc.a(lib_a-writer.o)
 .text._write_r
                0x0000000000010408       0x58 d:/quartus/nios2eds/bin/gnu/h-x86_64-mingw32/bin/../lib/gcc/nios2-elf/5.3.0/../../../../../H-x86_64-mingw32/nios2-elf/lib/mno-hw-mul\libsmallc.a(lib_a-writer.o)
                0x0000000000010408                _write_r
 .text          0x0000000000010460        0x0 d:/quartus/nios2eds/bin/gnu/h-x86_64-mingw32/bin/../lib/gcc/nios2-elf/5.3.0/../../../../../H-x86_64-mingw32/nios2-elf/lib/mno-hw-mul\libsmallc.a(lib_a-int_errno.o)
 .text          0x0000000000010460       0xec ../test_bsp/\libhal_bsp.a(alt_load.o)
                0x00000000000104c8                alt_load
 .text          0x000000000001054c       0x6c ../test_bsp/\libhal_bsp.a(alt_main.o)
                0x000000000001054c                alt_main
 .text          0x00000000000105b8      0x13c ../test_bsp/\libhal_bsp.a(alt_write.o)
                0x00000000000105f4                write
 .text          0x00000000000106f4       0xb8 ../test_bsp/\libhal_bsp.a(alt_sys_init.o)
                0x0000000000010728                alt_irq_init
                0x0000000000010760                alt_sys_init
 .text          0x00000000000107ac      0x164 ../test_bsp/\libhal_bsp.a(altera_avalon_jtag_uart_fd.o)
                0x00000000000107ac                altera_avalon_jtag_uart_read_fd
                0x000000000001080c                altera_avalon_jtag_uart_write_fd
                0x000000000001086c                altera_avalon_jtag_uart_close_fd
                0x00000000000108bc                altera_avalon_jtag_uart_ioctl_fd
 .text          0x0000000000010910      0x3d4 ../test_bsp/\libhal_bsp.a(altera_avalon_jtag_uart_init.o)
                0x0000000000010910                altera_avalon_jtag_uart_init
                0x0000000000010c7c                altera_avalon_jtag_uart_close
 .text          0x0000000000010ce4       0xf0 ../test_bsp/\libhal_bsp.a(altera_avalon_jtag_uart_ioctl.o)
                0x0000000000010ce4                altera_avalon_jtag_uart_ioctl
 .text          0x0000000000010dd4      0x21c ../test_bsp/\libhal_bsp.a(altera_avalon_jtag_uart_read.o)
                0x0000000000010dd4                altera_avalon_jtag_uart_read
 .text          0x0000000000010ff0      0x224 ../test_bsp/\libhal_bsp.a(altera_avalon_jtag_uart_write.o)
                0x0000000000010ff0                altera_avalon_jtag_uart_write
 .text          0x0000000000011214      0x12c ../test_bsp/\libhal_bsp.a(alt_alarm_start.o)
                0x0000000000011214                alt_alarm_start
 .text          0x0000000000011340      0x114 ../test_bsp/\libhal_bsp.a(alt_close.o)
                0x000000000001137c                close
 .text          0x0000000000011454       0x20 ../test_bsp/\libhal_bsp.a(alt_dcache_flush_all.o)
                0x0000000000011454                alt_dcache_flush_all
 .text          0x0000000000011474       0x2c ../test_bsp/\libhal_bsp.a(alt_dev.o)
 .text          0x00000000000114a0       0xe0 ../test_bsp/\libhal_bsp.a(alt_dev_llist_insert.o)
                0x00000000000114dc                alt_dev_llist_insert
 .text          0x0000000000011580        0x0 ../test_bsp/\libhal_bsp.a(alt_errno.o)
 .text          0x0000000000011580       0x20 ../test_bsp/\libhal_bsp.a(alt_icache_flush_all.o)
                0x0000000000011580                alt_icache_flush_all
 .text          0x00000000000115a0      0x1b0 ../test_bsp/\libhal_bsp.a(alt_iic.o)
                0x00000000000115a0                alt_ic_isr_register
                0x00000000000115f0                alt_ic_irq_enable
                0x0000000000011678                alt_ic_irq_disable
                0x0000000000011704                alt_ic_irq_enabled
 .text          0x0000000000011750       0xf0 ../test_bsp/\libhal_bsp.a(alt_iic_isr_register.o)
                0x0000000000011750                alt_iic_isr_register
 .text          0x0000000000011840      0x160 ../test_bsp/\libhal_bsp.a(alt_io_redirect.o)
                0x0000000000011924                alt_io_redirect
 .text          0x00000000000119a0        0x0 ../test_bsp/\libhal_bsp.a(alt_irq_entry.o)
 .text          0x00000000000119a0        0x0 ../test_bsp/\libhal_bsp.a(alt_irq_handler.o)
 .text          0x00000000000119a0        0x0 ../test_bsp/\libhal_bsp.a(alt_irq_vars.o)
 .text          0x00000000000119a0      0x284 ../test_bsp/\libhal_bsp.a(alt_open.o)
                0x0000000000011ac8                open
 .text          0x0000000000011c24       0x84 ../test_bsp/\libhal_bsp.a(alt_release_fd.o)
                0x0000000000011c24                alt_release_fd
 .text          0x0000000000011ca8      0x1a4 ../test_bsp/\libhal_bsp.a(alt_tick.o)
                0x0000000000011ca8                alt_alarm_stop
                0x0000000000011d44                alt_tick
 .text          0x0000000000011e4c       0x24 ../test_bsp/\libhal_bsp.a(altera_nios2_gen2_irq.o)
                0x0000000000011e4c                altera_nios2_gen2_irq_init
 .text          0x0000000000011e70        0x0 ../test_bsp/\libhal_bsp.a(alt_exception_entry.o)
 .text          0x0000000000011e70       0x90 ../test_bsp/\libhal_bsp.a(alt_find_dev.o)
                0x0000000000011e70                alt_find_dev
 .text          0x0000000000011f00      0x108 ../test_bsp/\libhal_bsp.a(alt_find_file.o)
                0x0000000000011f00                alt_find_file
 .text          0x0000000000012008       0xc4 ../test_bsp/\libhal_bsp.a(alt_get_fd.o)
                0x0000000000012008                alt_get_fd
 .text          0x00000000000120cc       0x9c ../test_bsp/\libhal_bsp.a(alt_instruction_exception_entry.o)
                0x00000000000120cc                alt_exception_cause_generated_bad_addr
 .text          0x0000000000012168        0x0 d:/quartus/nios2eds/bin/gnu/h-x86_64-mingw32/bin/../lib/gcc/nios2-elf/5.3.0/../../../../../H-x86_64-mingw32/nios2-elf/lib/mno-hw-mul\libsmallc.a(lib_a-exit.o)
 .text.exit     0x0000000000012168       0x20 d:/quartus/nios2eds/bin/gnu/h-x86_64-mingw32/bin/../lib/gcc/nios2-elf/5.3.0/../../../../../H-x86_64-mingw32/nios2-elf/lib/mno-hw-mul\libsmallc.a(lib_a-exit.o)
                0x0000000000012168                exit
 .text          0x0000000000012188        0x0 d:/quartus/nios2eds/bin/gnu/h-x86_64-mingw32/bin/../lib/gcc/nios2-elf/5.3.0/../../../../../H-x86_64-mingw32/nios2-elf/lib/mno-hw-mul\libsmallc.a(lib_a-memcmp.o)
 .text.memcmp   0x0000000000012188       0x30 d:/quartus/nios2eds/bin/gnu/h-x86_64-mingw32/bin/../lib/gcc/nios2-elf/5.3.0/../../../../../H-x86_64-mingw32/nios2-elf/lib/mno-hw-mul\libsmallc.a(lib_a-memcmp.o)
                0x0000000000012188                memcmp
 .text          0x00000000000121b8        0x0 d:/quartus/nios2eds/bin/gnu/h-x86_64-mingw32/bin/../lib/gcc/nios2-elf/5.3.0/../../../../../H-x86_64-mingw32/nios2-elf/lib/mno-hw-mul\libsmallc.a(lib_a-memcpy.o)
 .text.memcpy   0x00000000000121b8       0x28 d:/quartus/nios2eds/bin/gnu/h-x86_64-mingw32/bin/../lib/gcc/nios2-elf/5.3.0/../../../../../H-x86_64-mingw32/nios2-elf/lib/mno-hw-mul\libsmallc.a(lib_a-memcpy.o)
                0x00000000000121b8                memcpy
 .text          0x00000000000121e0        0x0 d:/quartus/nios2eds/bin/gnu/h-x86_64-mingw32/bin/../lib/gcc/nios2-elf/5.3.0/../../../../../H-x86_64-mingw32/nios2-elf/lib/mno-hw-mul\libsmallc.a(lib_a-__call_atexit.o)
 .text.__call_exitprocs
                0x00000000000121e0      0x190 d:/quartus/nios2eds/bin/gnu/h-x86_64-mingw32/bin/../lib/gcc/nios2-elf/5.3.0/../../../../../H-x86_64-mingw32/nios2-elf/lib/mno-hw-mul\libsmallc.a(lib_a-__call_atexit.o)
                0x00000000000121e0                __call_exitprocs
 .text          0x0000000000012370       0x28 d:/quartus/nios2eds/bin/gnu/h-x86_64-mingw32/bin/../lib/gcc/nios2-elf/5.3.0/mno-hw-mul\libgcc.a(lib2-mul.o)
                0x0000000000012370                __mulsi3
 .text          0x0000000000012398       0x34 ../test_bsp/\libhal_bsp.a(alt_exit.o)
                0x0000000000012398                _exit
 *(.gnu.warning.*)
 *(.fini)
                [!provide]                        PROVIDE (__etext, ABSOLUTE (.))
                [!provide]                        PROVIDE (_etext, ABSOLUTE (.))
                [!provide]                        PROVIDE (etext, ABSOLUTE (.))
 *(.eh_frame_hdr)
                0x00000000000123cc                . = ALIGN (0x4)
                [!provide]                        PROVIDE (__preinit_array_start, ABSOLUTE (.))
 *(.preinit_array)
                [!provide]                        PROVIDE (__preinit_array_end, ABSOLUTE (.))
                [!provide]                        PROVIDE (__init_array_start, ABSOLUTE (.))
 *(.init_array)
                [!provide]                        PROVIDE (__init_array_end, ABSOLUTE (.))
                [!provide]                        PROVIDE (__fini_array_start, ABSOLUTE (.))
 *(.fini_array)
                [!provide]                        PROVIDE (__fini_array_end, ABSOLUTE (.))
 *(.eh_frame)
 *(.gcc_except_table .gcc_except_table.*)
 *(.dynamic)
                [!provide]                        PROVIDE (__CTOR_LIST__, ABSOLUTE (.))
 *(.ctors)
 *(SORT(.ctors.*))
                [!provide]                        PROVIDE (__CTOR_END__, ABSOLUTE (.))
                [!provide]                        PROVIDE (__DTOR_LIST__, ABSOLUTE (.))
 *(.dtors)
 *(SORT(.dtors.*))
                [!provide]                        PROVIDE (__DTOR_END__, ABSOLUTE (.))
 *(.jcr)
                0x00000000000123cc                . = ALIGN (0x4)

.rodata         0x00000000000123cc       0x4c
                0x00000000000123cc                PROVIDE (__ram_rodata_start, ABSOLUTE (.))
                0x00000000000123cc                . = ALIGN (0x4)
 *(.rodata .rodata.* .gnu.linkonce.r.*)
 .rodata        0x00000000000123cc       0x14 obj/default/hello_world.o
 .rodata.str1.4
                0x00000000000123e0        0x4 d:/quartus/nios2eds/bin/gnu/h-x86_64-mingw32/bin/../lib/gcc/nios2-elf/5.3.0/../../../../../H-x86_64-mingw32/nios2-elf/lib/mno-hw-mul\libsmallc.a(lib_a-puts.o)
                                          0x2 (size before relaxing)
 .rodata        0x00000000000123e4       0x11 ../test_bsp/\libhal_bsp.a(alt_main.o)
 *fill*         0x00000000000123f5        0x3 
 .rodata        0x00000000000123f8       0x11 ../test_bsp/\libhal_bsp.a(alt_sys_init.o)
 *fill*         0x0000000000012409        0x3 
 .rodata        0x000000000001240c        0xa ../test_bsp/\libhal_bsp.a(alt_dev.o)
 *(.rodata1)
                0x0000000000012418                . = ALIGN (0x4)
 *fill*         0x0000000000012416        0x2 
                0x0000000000012418                PROVIDE (__ram_rodata_end, ABSOLUTE (.))
                0x00000000000123cc                PROVIDE (__flash_rodata_start, LOADADDR (.rodata))

.rwdata         0x0000000000012418     0x1314 load address 0x000000000001372c
                0x0000000000012418                PROVIDE (__ram_rwdata_start, ABSOLUTE (.))
                0x0000000000012418                . = ALIGN (0x4)
 *(.got.plt)
 *(.got)
 *(.data1)
 *(.data .data.* .gnu.linkonce.d.*)
 .data          0x0000000000012418        0x0 ../test_bsp//obj/HAL/src/crt0.o
 .data          0x0000000000012418        0x0 obj/default/hello_world.o
 .data          0x0000000000012418        0x0 d:/quartus/nios2eds/bin/gnu/h-x86_64-mingw32/bin/../lib/gcc/nios2-elf/5.3.0/../../../../../H-x86_64-mingw32/nios2-elf/lib/mno-hw-mul\libsmallc.a(lib_a-puts.o)
 .data          0x0000000000012418        0x0 d:/quartus/nios2eds/bin/gnu/h-x86_64-mingw32/bin/../lib/gcc/nios2-elf/5.3.0/../../../../../H-x86_64-mingw32/nios2-elf/lib/mno-hw-mul\libsmallc.a(lib_a-strlen.o)
 .data          0x0000000000012418        0x0 d:/quartus/nios2eds/bin/gnu/h-x86_64-mingw32/bin/../lib/gcc/nios2-elf/5.3.0/../../../../../H-x86_64-mingw32/nios2-elf/lib/mno-hw-mul\libsmallc.a(lib_a-fvwrite_small_dev.o)
 .data          0x0000000000012418        0x0 d:/quartus/nios2eds/bin/gnu/h-x86_64-mingw32/bin/../lib/gcc/nios2-elf/5.3.0/../../../../../H-x86_64-mingw32/nios2-elf/lib/mno-hw-mul\libsmallc.a(lib_a-impure.o)
 .data.impure_data
                0x0000000000012418       0xe0 d:/quartus/nios2eds/bin/gnu/h-x86_64-mingw32/bin/../lib/gcc/nios2-elf/5.3.0/../../../../../H-x86_64-mingw32/nios2-elf/lib/mno-hw-mul\libsmallc.a(lib_a-impure.o)
 .data          0x00000000000124f8        0x0 d:/quartus/nios2eds/bin/gnu/h-x86_64-mingw32/bin/../lib/gcc/nios2-elf/5.3.0/../../../../../H-x86_64-mingw32/nios2-elf/lib/mno-hw-mul\libsmallc.a(lib_a-writer.o)
 .data          0x00000000000124f8        0x0 d:/quartus/nios2eds/bin/gnu/h-x86_64-mingw32/bin/../lib/gcc/nios2-elf/5.3.0/../../../../../H-x86_64-mingw32/nios2-elf/lib/mno-hw-mul\libsmallc.a(lib_a-int_errno.o)
 .data          0x00000000000124f8        0x0 ../test_bsp/\libhal_bsp.a(alt_load.o)
 .data          0x00000000000124f8        0x0 ../test_bsp/\libhal_bsp.a(alt_main.o)
 .data          0x00000000000124f8        0x0 ../test_bsp/\libhal_bsp.a(alt_write.o)
 .data          0x00000000000124f8     0x1060 ../test_bsp/\libhal_bsp.a(alt_sys_init.o)
 .data          0x0000000000013558        0x0 ../test_bsp/\libhal_bsp.a(altera_avalon_jtag_uart_fd.o)
 .data          0x0000000000013558        0x0 ../test_bsp/\libhal_bsp.a(altera_avalon_jtag_uart_init.o)
 .data          0x0000000000013558        0x0 ../test_bsp/\libhal_bsp.a(altera_avalon_jtag_uart_ioctl.o)
 .data          0x0000000000013558        0x0 ../test_bsp/\libhal_bsp.a(altera_avalon_jtag_uart_read.o)
 .data          0x0000000000013558        0x0 ../test_bsp/\libhal_bsp.a(altera_avalon_jtag_uart_write.o)
 .data          0x0000000000013558        0x0 ../test_bsp/\libhal_bsp.a(alt_alarm_start.o)
 .data          0x0000000000013558        0x0 ../test_bsp/\libhal_bsp.a(alt_close.o)
 .data          0x0000000000013558        0x0 ../test_bsp/\libhal_bsp.a(alt_dcache_flush_all.o)
 .data          0x0000000000013558      0x1a8 ../test_bsp/\libhal_bsp.a(alt_dev.o)
                0x0000000000013558                alt_dev_null
                0x0000000000013580                alt_fd_list
 .data          0x0000000000013700        0x0 ../test_bsp/\libhal_bsp.a(alt_dev_llist_insert.o)
 .data          0x0000000000013700        0x0 ../test_bsp/\libhal_bsp.a(alt_errno.o)
 .data          0x0000000000013700        0x0 ../test_bsp/\libhal_bsp.a(alt_icache_flush_all.o)
 .data          0x0000000000013700        0x0 ../test_bsp/\libhal_bsp.a(alt_iic.o)
 .data          0x0000000000013700        0x0 ../test_bsp/\libhal_bsp.a(alt_iic_isr_register.o)
 .data          0x0000000000013700        0x0 ../test_bsp/\libhal_bsp.a(alt_io_redirect.o)
 .data          0x0000000000013700        0x0 ../test_bsp/\libhal_bsp.a(alt_irq_entry.o)
 .data          0x0000000000013700        0x0 ../test_bsp/\libhal_bsp.a(alt_irq_handler.o)
 .data          0x0000000000013700        0x0 ../test_bsp/\libhal_bsp.a(alt_irq_vars.o)
 .data          0x0000000000013700        0x0 ../test_bsp/\libhal_bsp.a(alt_open.o)
 .data          0x0000000000013700        0x0 ../test_bsp/\libhal_bsp.a(alt_release_fd.o)
 .data          0x0000000000013700        0x0 ../test_bsp/\libhal_bsp.a(alt_tick.o)
 .data          0x0000000000013700        0x0 ../test_bsp/\libhal_bsp.a(altera_nios2_gen2_irq.o)
 .data          0x0000000000013700        0x0 ../test_bsp/\libhal_bsp.a(alt_exception_entry.o)
 .data          0x0000000000013700        0x0 ../test_bsp/\libhal_bsp.a(alt_find_dev.o)
 .data          0x0000000000013700        0x0 ../test_bsp/\libhal_bsp.a(alt_find_file.o)
 .data          0x0000000000013700        0x0 ../test_bsp/\libhal_bsp.a(alt_get_fd.o)
 .data          0x0000000000013700        0x0 ../test_bsp/\libhal_bsp.a(alt_instruction_exception_entry.o)
 .data          0x0000000000013700        0x0 d:/quartus/nios2eds/bin/gnu/h-x86_64-mingw32/bin/../lib/gcc/nios2-elf/5.3.0/../../../../../H-x86_64-mingw32/nios2-elf/lib/mno-hw-mul\libsmallc.a(lib_a-exit.o)
 .data          0x0000000000013700        0x0 d:/quartus/nios2eds/bin/gnu/h-x86_64-mingw32/bin/../lib/gcc/nios2-elf/5.3.0/../../../../../H-x86_64-mingw32/nios2-elf/lib/mno-hw-mul\libsmallc.a(lib_a-memcmp.o)
 .data          0x0000000000013700        0x0 d:/quartus/nios2eds/bin/gnu/h-x86_64-mingw32/bin/../lib/gcc/nios2-elf/5.3.0/../../../../../H-x86_64-mingw32/nios2-elf/lib/mno-hw-mul\libsmallc.a(lib_a-memcpy.o)
 .data          0x0000000000013700        0x0 d:/quartus/nios2eds/bin/gnu/h-x86_64-mingw32/bin/../lib/gcc/nios2-elf/5.3.0/../../../../../H-x86_64-mingw32/nios2-elf/lib/mno-hw-mul\libsmallc.a(lib_a-__call_atexit.o)
 .data          0x0000000000013700        0x0 d:/quartus/nios2eds/bin/gnu/h-x86_64-mingw32/bin/../lib/gcc/nios2-elf/5.3.0/mno-hw-mul\libgcc.a(lib2-mul.o)
 .data          0x0000000000013700        0x0 ../test_bsp/\libhal_bsp.a(alt_exit.o)
                0x000000000001b700                _gp = ABSOLUTE ((. + 0x8000))
                [!provide]                        PROVIDE (gp, _gp)
 *(.rwdata .rwdata.*)
 *(.sdata .sdata.* .gnu.linkonce.s.*)
 .sdata._global_impure_ptr
                0x0000000000013700        0x4 d:/quartus/nios2eds/bin/gnu/h-x86_64-mingw32/bin/../lib/gcc/nios2-elf/5.3.0/../../../../../H-x86_64-mingw32/nios2-elf/lib/mno-hw-mul\libsmallc.a(lib_a-impure.o)
                0x0000000000013700                _global_impure_ptr
 .sdata._impure_ptr
                0x0000000000013704        0x4 d:/quartus/nios2eds/bin/gnu/h-x86_64-mingw32/bin/../lib/gcc/nios2-elf/5.3.0/../../../../../H-x86_64-mingw32/nios2-elf/lib/mno-hw-mul\libsmallc.a(lib_a-impure.o)
                0x0000000000013704                _impure_ptr
 .sdata         0x0000000000013708       0x14 ../test_bsp/\libhal_bsp.a(alt_dev.o)
                0x0000000000013708                alt_fs_list
                0x0000000000013710                alt_dev_list
                0x0000000000013718                alt_max_fd
 .sdata         0x000000000001371c        0x4 ../test_bsp/\libhal_bsp.a(alt_errno.o)
                0x000000000001371c                alt_errno
 .sdata         0x0000000000013720        0x4 ../test_bsp/\libhal_bsp.a(alt_irq_vars.o)
                0x0000000000013720                alt_priority_mask
 .sdata         0x0000000000013724        0x8 ../test_bsp/\libhal_bsp.a(alt_tick.o)
                0x0000000000013724                alt_alarm_list
 *(.sdata2 .sdata2.* .gnu.linkonce.s2.*)
                0x000000000001372c                . = ALIGN (0x4)
                0x000000000001372c                _edata = ABSOLUTE (.)
                [!provide]                        PROVIDE (edata, ABSOLUTE (.))
                0x000000000001372c                PROVIDE (__ram_rwdata_end, ABSOLUTE (.))
                0x000000000001372c                PROVIDE (__flash_rwdata_start, LOADADDR (.rwdata))

.bss            0x0000000000014a40      0x120
                0x0000000000014a40                __bss_start = ABSOLUTE (.)
                [!provide]                        PROVIDE (__sbss_start, ABSOLUTE (.))
                [!provide]                        PROVIDE (___sbss_start, ABSOLUTE (.))
 *(.dynsbss)
 *(.sbss .sbss.* .gnu.linkonce.sb.*)
 .sbss          0x0000000000014a40        0x4 d:/quartus/nios2eds/bin/gnu/h-x86_64-mingw32/bin/../lib/gcc/nios2-elf/5.3.0/../../../../../H-x86_64-mingw32/nios2-elf/lib/mno-hw-mul\libsmallc.a(lib_a-int_errno.o)
                0x0000000000014a40                errno
 .sbss          0x0000000000014a44        0xc ../test_bsp/\libhal_bsp.a(alt_main.o)
                0x0000000000014a44                alt_argc
                0x0000000000014a48                alt_argv
                0x0000000000014a4c                alt_envp
 .sbss          0x0000000000014a50        0x4 ../test_bsp/\libhal_bsp.a(alt_irq_vars.o)
                0x0000000000014a50                alt_irq_active
 .sbss          0x0000000000014a54        0x8 ../test_bsp/\libhal_bsp.a(alt_tick.o)
                0x0000000000014a54                _alt_tick_rate
                0x0000000000014a58                _alt_nticks
 .sbss          0x0000000000014a5c        0x4 ../test_bsp/\libhal_bsp.a(alt_instruction_exception_entry.o)
                0x0000000000014a5c                alt_instruction_exception_handler
 *(.sbss2 .sbss2.* .gnu.linkonce.sb2.*)
 *(.scommon)
                [!provide]                        PROVIDE (__sbss_end, ABSOLUTE (.))
                [!provide]                        PROVIDE (___sbss_end, ABSOLUTE (.))
 *(.dynbss)
 *(.bss .bss.* .gnu.linkonce.b.*)
 .bss           0x0000000000014a60        0x0 ../test_bsp//obj/HAL/src/crt0.o
 .bss           0x0000000000014a60        0x0 obj/default/hello_world.o
 .bss           0x0000000000014a60        0x0 d:/quartus/nios2eds/bin/gnu/h-x86_64-mingw32/bin/../lib/gcc/nios2-elf/5.3.0/../../../../../H-x86_64-mingw32/nios2-elf/lib/mno-hw-mul\libsmallc.a(lib_a-puts.o)
 .bss           0x0000000000014a60        0x0 d:/quartus/nios2eds/bin/gnu/h-x86_64-mingw32/bin/../lib/gcc/nios2-elf/5.3.0/../../../../../H-x86_64-mingw32/nios2-elf/lib/mno-hw-mul\libsmallc.a(lib_a-strlen.o)
 .bss           0x0000000000014a60        0x0 d:/quartus/nios2eds/bin/gnu/h-x86_64-mingw32/bin/../lib/gcc/nios2-elf/5.3.0/../../../../../H-x86_64-mingw32/nios2-elf/lib/mno-hw-mul\libsmallc.a(lib_a-fvwrite_small_dev.o)
 .bss           0x0000000000014a60        0x0 d:/quartus/nios2eds/bin/gnu/h-x86_64-mingw32/bin/../lib/gcc/nios2-elf/5.3.0/../../../../../H-x86_64-mingw32/nios2-elf/lib/mno-hw-mul\libsmallc.a(lib_a-impure.o)
 .bss           0x0000000000014a60        0x0 d:/quartus/nios2eds/bin/gnu/h-x86_64-mingw32/bin/../lib/gcc/nios2-elf/5.3.0/../../../../../H-x86_64-mingw32/nios2-elf/lib/mno-hw-mul\libsmallc.a(lib_a-writer.o)
 .bss           0x0000000000014a60        0x0 d:/quartus/nios2eds/bin/gnu/h-x86_64-mingw32/bin/../lib/gcc/nios2-elf/5.3.0/../../../../../H-x86_64-mingw32/nios2-elf/lib/mno-hw-mul\libsmallc.a(lib_a-int_errno.o)
 .bss           0x0000000000014a60        0x0 ../test_bsp/\libhal_bsp.a(alt_load.o)
 .bss           0x0000000000014a60        0x0 ../test_bsp/\libhal_bsp.a(alt_main.o)
 .bss           0x0000000000014a60        0x0 ../test_bsp/\libhal_bsp.a(alt_write.o)
 .bss           0x0000000000014a60        0x0 ../test_bsp/\libhal_bsp.a(alt_sys_init.o)
 .bss           0x0000000000014a60        0x0 ../test_bsp/\libhal_bsp.a(altera_avalon_jtag_uart_fd.o)
 .bss           0x0000000000014a60        0x0 ../test_bsp/\libhal_bsp.a(altera_avalon_jtag_uart_init.o)
 .bss           0x0000000000014a60        0x0 ../test_bsp/\libhal_bsp.a(altera_avalon_jtag_uart_ioctl.o)
 .bss           0x0000000000014a60        0x0 ../test_bsp/\libhal_bsp.a(altera_avalon_jtag_uart_read.o)
 .bss           0x0000000000014a60        0x0 ../test_bsp/\libhal_bsp.a(altera_avalon_jtag_uart_write.o)
 .bss           0x0000000000014a60        0x0 ../test_bsp/\libhal_bsp.a(alt_alarm_start.o)
 .bss           0x0000000000014a60        0x0 ../test_bsp/\libhal_bsp.a(alt_close.o)
 .bss           0x0000000000014a60        0x0 ../test_bsp/\libhal_bsp.a(alt_dcache_flush_all.o)
 .bss           0x0000000000014a60        0x0 ../test_bsp/\libhal_bsp.a(alt_dev.o)
 .bss           0x0000000000014a60        0x0 ../test_bsp/\libhal_bsp.a(alt_dev_llist_insert.o)
 .bss           0x0000000000014a60        0x0 ../test_bsp/\libhal_bsp.a(alt_errno.o)
 .bss           0x0000000000014a60        0x0 ../test_bsp/\libhal_bsp.a(alt_icache_flush_all.o)
 .bss           0x0000000000014a60        0x0 ../test_bsp/\libhal_bsp.a(alt_iic.o)
 .bss           0x0000000000014a60        0x0 ../test_bsp/\libhal_bsp.a(alt_iic_isr_register.o)
 .bss           0x0000000000014a60        0x0 ../test_bsp/\libhal_bsp.a(alt_io_redirect.o)
 .bss           0x0000000000014a60        0x0 ../test_bsp/\libhal_bsp.a(alt_irq_entry.o)
 .bss           0x0000000000014a60        0x0 ../test_bsp/\libhal_bsp.a(alt_irq_handler.o)
 .bss           0x0000000000014a60        0x0 ../test_bsp/\libhal_bsp.a(alt_irq_vars.o)
 .bss           0x0000000000014a60        0x0 ../test_bsp/\libhal_bsp.a(alt_open.o)
 .bss           0x0000000000014a60        0x0 ../test_bsp/\libhal_bsp.a(alt_release_fd.o)
 .bss           0x0000000000014a60        0x0 ../test_bsp/\libhal_bsp.a(alt_tick.o)
 .bss           0x0000000000014a60        0x0 ../test_bsp/\libhal_bsp.a(altera_nios2_gen2_irq.o)
 .bss           0x0000000000014a60        0x0 ../test_bsp/\libhal_bsp.a(alt_exception_entry.o)
 .bss           0x0000000000014a60        0x0 ../test_bsp/\libhal_bsp.a(alt_find_dev.o)
 .bss           0x0000000000014a60        0x0 ../test_bsp/\libhal_bsp.a(alt_find_file.o)
 .bss           0x0000000000014a60        0x0 ../test_bsp/\libhal_bsp.a(alt_get_fd.o)
 .bss           0x0000000000014a60        0x0 ../test_bsp/\libhal_bsp.a(alt_instruction_exception_entry.o)
 .bss           0x0000000000014a60        0x0 d:/quartus/nios2eds/bin/gnu/h-x86_64-mingw32/bin/../lib/gcc/nios2-elf/5.3.0/../../../../../H-x86_64-mingw32/nios2-elf/lib/mno-hw-mul\libsmallc.a(lib_a-exit.o)
 .bss           0x0000000000014a60        0x0 d:/quartus/nios2eds/bin/gnu/h-x86_64-mingw32/bin/../lib/gcc/nios2-elf/5.3.0/../../../../../H-x86_64-mingw32/nios2-elf/lib/mno-hw-mul\libsmallc.a(lib_a-memcmp.o)
 .bss           0x0000000000014a60        0x0 d:/quartus/nios2eds/bin/gnu/h-x86_64-mingw32/bin/../lib/gcc/nios2-elf/5.3.0/../../../../../H-x86_64-mingw32/nios2-elf/lib/mno-hw-mul\libsmallc.a(lib_a-memcpy.o)
 .bss           0x0000000000014a60        0x0 d:/quartus/nios2eds/bin/gnu/h-x86_64-mingw32/bin/../lib/gcc/nios2-elf/5.3.0/../../../../../H-x86_64-mingw32/nios2-elf/lib/mno-hw-mul\libsmallc.a(lib_a-__call_atexit.o)
 .bss           0x0000000000014a60        0x0 d:/quartus/nios2eds/bin/gnu/h-x86_64-mingw32/bin/../lib/gcc/nios2-elf/5.3.0/mno-hw-mul\libgcc.a(lib2-mul.o)
 .bss           0x0000000000014a60        0x0 ../test_bsp/\libhal_bsp.a(alt_exit.o)
 *(COMMON)
 COMMON         0x0000000000014a60      0x100 ../test_bsp/\libhal_bsp.a(alt_irq_handler.o)
                0x0000000000014a60                alt_irq
                0x0000000000014b60                . = ALIGN (0x4)
                0x0000000000014b60                __bss_end = ABSOLUTE (.)

.onchip_memory2_0
                0x0000000000014b60        0x0
                [!provide]                        PROVIDE (_alt_partition_onchip_memory2_0_start, ABSOLUTE (.))
 *(.onchip_memory2_0 .onchip_memory2_0. onchip_memory2_0.*)
                0x0000000000014b60                . = ALIGN (0x4)
                [!provide]                        PROVIDE (_alt_partition_onchip_memory2_0_end, ABSOLUTE (.))
                0x0000000000014b60                _end = ABSOLUTE (.)
                0x0000000000014b60                end = ABSOLUTE (.)
                0x0000000000014b60                __alt_stack_base = ABSOLUTE (.)
                [!provide]                        PROVIDE (_alt_partition_onchip_memory2_0_load_addr, LOADADDR (.onchip_memory2_0))

.stab
 *(.stab)

.stabstr
 *(.stabstr)

.stab.excl
 *(.stab.excl)

.stab.exclstr
 *(.stab.exclstr)

.stab.index
 *(.stab.index)

.stab.indexstr
 *(.stab.indexstr)

.comment        0x0000000000000000       0x23
 *(.comment)
 .comment       0x0000000000000000       0x23 obj/default/hello_world.o
                                         0x24 (size before relaxing)
 .comment       0x0000000000000023       0x24 d:/quartus/nios2eds/bin/gnu/h-x86_64-mingw32/bin/../lib/gcc/nios2-elf/5.3.0/../../../../../H-x86_64-mingw32/nios2-elf/lib/mno-hw-mul\libsmallc.a(lib_a-puts.o)
 .comment       0x0000000000000023       0x24 d:/quartus/nios2eds/bin/gnu/h-x86_64-mingw32/bin/../lib/gcc/nios2-elf/5.3.0/../../../../../H-x86_64-mingw32/nios2-elf/lib/mno-hw-mul\libsmallc.a(lib_a-strlen.o)
 .comment       0x0000000000000023       0x24 d:/quartus/nios2eds/bin/gnu/h-x86_64-mingw32/bin/../lib/gcc/nios2-elf/5.3.0/../../../../../H-x86_64-mingw32/nios2-elf/lib/mno-hw-mul\libsmallc.a(lib_a-fvwrite_small_dev.o)
 .comment       0x0000000000000023       0x24 d:/quartus/nios2eds/bin/gnu/h-x86_64-mingw32/bin/../lib/gcc/nios2-elf/5.3.0/../../../../../H-x86_64-mingw32/nios2-elf/lib/mno-hw-mul\libsmallc.a(lib_a-impure.o)
 .comment       0x0000000000000023       0x24 d:/quartus/nios2eds/bin/gnu/h-x86_64-mingw32/bin/../lib/gcc/nios2-elf/5.3.0/../../../../../H-x86_64-mingw32/nios2-elf/lib/mno-hw-mul\libsmallc.a(lib_a-writer.o)
 .comment       0x0000000000000023       0x24 d:/quartus/nios2eds/bin/gnu/h-x86_64-mingw32/bin/../lib/gcc/nios2-elf/5.3.0/../../../../../H-x86_64-mingw32/nios2-elf/lib/mno-hw-mul\libsmallc.a(lib_a-int_errno.o)
 .comment       0x0000000000000023       0x24 ../test_bsp/\libhal_bsp.a(alt_load.o)
 .comment       0x0000000000000023       0x24 ../test_bsp/\libhal_bsp.a(alt_main.o)
 .comment       0x0000000000000023       0x24 ../test_bsp/\libhal_bsp.a(alt_write.o)
 .comment       0x0000000000000023       0x24 ../test_bsp/\libhal_bsp.a(alt_sys_init.o)
 .comment       0x0000000000000023       0x24 ../test_bsp/\libhal_bsp.a(altera_avalon_jtag_uart_fd.o)
 .comment       0x0000000000000023       0x24 ../test_bsp/\libhal_bsp.a(altera_avalon_jtag_uart_init.o)
 .comment       0x0000000000000023       0x24 ../test_bsp/\libhal_bsp.a(altera_avalon_jtag_uart_ioctl.o)
 .comment       0x0000000000000023       0x24 ../test_bsp/\libhal_bsp.a(altera_avalon_jtag_uart_read.o)
 .comment       0x0000000000000023       0x24 ../test_bsp/\libhal_bsp.a(altera_avalon_jtag_uart_write.o)
 .comment       0x0000000000000023       0x24 ../test_bsp/\libhal_bsp.a(alt_alarm_start.o)
 .comment       0x0000000000000023       0x24 ../test_bsp/\libhal_bsp.a(alt_close.o)
 .comment       0x0000000000000023       0x24 ../test_bsp/\libhal_bsp.a(alt_dcache_flush_all.o)
 .comment       0x0000000000000023       0x24 ../test_bsp/\libhal_bsp.a(alt_dev.o)
 .comment       0x0000000000000023       0x24 ../test_bsp/\libhal_bsp.a(alt_dev_llist_insert.o)
 .comment       0x0000000000000023       0x24 ../test_bsp/\libhal_bsp.a(alt_errno.o)
 .comment       0x0000000000000023       0x24 ../test_bsp/\libhal_bsp.a(alt_icache_flush_all.o)
 .comment       0x0000000000000023       0x24 ../test_bsp/\libhal_bsp.a(alt_iic.o)
 .comment       0x0000000000000023       0x24 ../test_bsp/\libhal_bsp.a(alt_iic_isr_register.o)
 .comment       0x0000000000000023       0x24 ../test_bsp/\libhal_bsp.a(alt_io_redirect.o)
 .comment       0x0000000000000023       0x24 ../test_bsp/\libhal_bsp.a(alt_irq_handler.o)
 .comment       0x0000000000000023       0x24 ../test_bsp/\libhal_bsp.a(alt_irq_vars.o)
 .comment       0x0000000000000023       0x24 ../test_bsp/\libhal_bsp.a(alt_open.o)
 .comment       0x0000000000000023       0x24 ../test_bsp/\libhal_bsp.a(alt_release_fd.o)
 .comment       0x0000000000000023       0x24 ../test_bsp/\libhal_bsp.a(alt_tick.o)
 .comment       0x0000000000000023       0x24 ../test_bsp/\libhal_bsp.a(altera_nios2_gen2_irq.o)
 .comment       0x0000000000000023       0x24 ../test_bsp/\libhal_bsp.a(alt_find_dev.o)
 .comment       0x0000000000000023       0x24 ../test_bsp/\libhal_bsp.a(alt_find_file.o)
 .comment       0x0000000000000023       0x24 ../test_bsp/\libhal_bsp.a(alt_get_fd.o)
 .comment       0x0000000000000023       0x24 ../test_bsp/\libhal_bsp.a(alt_instruction_exception_entry.o)
 .comment       0x0000000000000023       0x24 d:/quartus/nios2eds/bin/gnu/h-x86_64-mingw32/bin/../lib/gcc/nios2-elf/5.3.0/../../../../../H-x86_64-mingw32/nios2-elf/lib/mno-hw-mul\libsmallc.a(lib_a-exit.o)
 .comment       0x0000000000000023       0x24 d:/quartus/nios2eds/bin/gnu/h-x86_64-mingw32/bin/../lib/gcc/nios2-elf/5.3.0/../../../../../H-x86_64-mingw32/nios2-elf/lib/mno-hw-mul\libsmallc.a(lib_a-memcmp.o)
 .comment       0x0000000000000023       0x24 d:/quartus/nios2eds/bin/gnu/h-x86_64-mingw32/bin/../lib/gcc/nios2-elf/5.3.0/../../../../../H-x86_64-mingw32/nios2-elf/lib/mno-hw-mul\libsmallc.a(lib_a-memcpy.o)
 .comment       0x0000000000000023       0x24 d:/quartus/nios2eds/bin/gnu/h-x86_64-mingw32/bin/../lib/gcc/nios2-elf/5.3.0/../../../../../H-x86_64-mingw32/nios2-elf/lib/mno-hw-mul\libsmallc.a(lib_a-__call_atexit.o)
 .comment       0x0000000000000023       0x24 d:/quartus/nios2eds/bin/gnu/h-x86_64-mingw32/bin/../lib/gcc/nios2-elf/5.3.0/mno-hw-mul\libgcc.a(lib2-mul.o)
 .comment       0x0000000000000023       0x24 ../test_bsp/\libhal_bsp.a(alt_exit.o)

.debug
 *(.debug)

.line
 *(.line)

.debug_srcinfo
 *(.debug_srcinfo)

.debug_sfnames
 *(.debug_sfnames)

.debug_aranges  0x0000000000000000      0x5c0
 *(.debug_aranges)
 .debug_aranges
                0x0000000000000000       0x28 ../test_bsp//obj/HAL/src/crt0.o
 .debug_aranges
                0x0000000000000028       0x20 obj/default/hello_world.o
 .debug_aranges
                0x0000000000000048       0x28 d:/quartus/nios2eds/bin/gnu/h-x86_64-mingw32/bin/../lib/gcc/nios2-elf/5.3.0/../../../../../H-x86_64-mingw32/nios2-elf/lib/mno-hw-mul\libsmallc.a(lib_a-puts.o)
 .debug_aranges
                0x0000000000000070       0x20 d:/quartus/nios2eds/bin/gnu/h-x86_64-mingw32/bin/../lib/gcc/nios2-elf/5.3.0/../../../../../H-x86_64-mingw32/nios2-elf/lib/mno-hw-mul\libsmallc.a(lib_a-strlen.o)
 .debug_aranges
                0x0000000000000090       0x20 d:/quartus/nios2eds/bin/gnu/h-x86_64-mingw32/bin/../lib/gcc/nios2-elf/5.3.0/../../../../../H-x86_64-mingw32/nios2-elf/lib/mno-hw-mul\libsmallc.a(lib_a-fvwrite_small_dev.o)
 .debug_aranges
                0x00000000000000b0       0x18 d:/quartus/nios2eds/bin/gnu/h-x86_64-mingw32/bin/../lib/gcc/nios2-elf/5.3.0/../../../../../H-x86_64-mingw32/nios2-elf/lib/mno-hw-mul\libsmallc.a(lib_a-impure.o)
 .debug_aranges
                0x00000000000000c8       0x20 d:/quartus/nios2eds/bin/gnu/h-x86_64-mingw32/bin/../lib/gcc/nios2-elf/5.3.0/../../../../../H-x86_64-mingw32/nios2-elf/lib/mno-hw-mul\libsmallc.a(lib_a-writer.o)
 .debug_aranges
                0x00000000000000e8       0x18 d:/quartus/nios2eds/bin/gnu/h-x86_64-mingw32/bin/../lib/gcc/nios2-elf/5.3.0/../../../../../H-x86_64-mingw32/nios2-elf/lib/mno-hw-mul\libsmallc.a(lib_a-int_errno.o)
 .debug_aranges
                0x0000000000000100       0x20 ../test_bsp/\libhal_bsp.a(alt_load.o)
 .debug_aranges
                0x0000000000000120       0x20 ../test_bsp/\libhal_bsp.a(alt_main.o)
 .debug_aranges
                0x0000000000000140       0x20 ../test_bsp/\libhal_bsp.a(alt_write.o)
 .debug_aranges
                0x0000000000000160       0x20 ../test_bsp/\libhal_bsp.a(alt_sys_init.o)
 .debug_aranges
                0x0000000000000180       0x20 ../test_bsp/\libhal_bsp.a(altera_avalon_jtag_uart_fd.o)
 .debug_aranges
                0x00000000000001a0       0x20 ../test_bsp/\libhal_bsp.a(altera_avalon_jtag_uart_init.o)
 .debug_aranges
                0x00000000000001c0       0x20 ../test_bsp/\libhal_bsp.a(altera_avalon_jtag_uart_ioctl.o)
 .debug_aranges
                0x00000000000001e0       0x20 ../test_bsp/\libhal_bsp.a(altera_avalon_jtag_uart_read.o)
 .debug_aranges
                0x0000000000000200       0x20 ../test_bsp/\libhal_bsp.a(altera_avalon_jtag_uart_write.o)
 .debug_aranges
                0x0000000000000220       0x20 ../test_bsp/\libhal_bsp.a(alt_alarm_start.o)
 .debug_aranges
                0x0000000000000240       0x20 ../test_bsp/\libhal_bsp.a(alt_close.o)
 .debug_aranges
                0x0000000000000260       0x20 ../test_bsp/\libhal_bsp.a(alt_dcache_flush_all.o)
 .debug_aranges
                0x0000000000000280       0x20 ../test_bsp/\libhal_bsp.a(alt_dev.o)
 .debug_aranges
                0x00000000000002a0       0x20 ../test_bsp/\libhal_bsp.a(alt_dev_llist_insert.o)
 .debug_aranges
                0x00000000000002c0       0x18 ../test_bsp/\libhal_bsp.a(alt_errno.o)
 .debug_aranges
                0x00000000000002d8       0x20 ../test_bsp/\libhal_bsp.a(alt_icache_flush_all.o)
 .debug_aranges
                0x00000000000002f8       0x20 ../test_bsp/\libhal_bsp.a(alt_iic.o)
 .debug_aranges
                0x0000000000000318       0x20 ../test_bsp/\libhal_bsp.a(alt_iic_isr_register.o)
 .debug_aranges
                0x0000000000000338       0x20 ../test_bsp/\libhal_bsp.a(alt_io_redirect.o)
 .debug_aranges
                0x0000000000000358       0x30 ../test_bsp/\libhal_bsp.a(alt_irq_entry.o)
 .debug_aranges
                0x0000000000000388       0x20 ../test_bsp/\libhal_bsp.a(alt_irq_handler.o)
 .debug_aranges
                0x00000000000003a8       0x18 ../test_bsp/\libhal_bsp.a(alt_irq_vars.o)
 .debug_aranges
                0x00000000000003c0       0x20 ../test_bsp/\libhal_bsp.a(alt_open.o)
 .debug_aranges
                0x00000000000003e0       0x20 ../test_bsp/\libhal_bsp.a(alt_release_fd.o)
 .debug_aranges
                0x0000000000000400       0x20 ../test_bsp/\libhal_bsp.a(alt_tick.o)
 .debug_aranges
                0x0000000000000420       0x20 ../test_bsp/\libhal_bsp.a(altera_nios2_gen2_irq.o)
 .debug_aranges
                0x0000000000000440       0x38 ../test_bsp/\libhal_bsp.a(alt_exception_entry.o)
 .debug_aranges
                0x0000000000000478       0x20 ../test_bsp/\libhal_bsp.a(alt_find_dev.o)
 .debug_aranges
                0x0000000000000498       0x20 ../test_bsp/\libhal_bsp.a(alt_find_file.o)
 .debug_aranges
                0x00000000000004b8       0x20 ../test_bsp/\libhal_bsp.a(alt_get_fd.o)
 .debug_aranges
                0x00000000000004d8       0x28 ../test_bsp/\libhal_bsp.a(alt_instruction_exception_entry.o)
 .debug_aranges
                0x0000000000000500       0x20 d:/quartus/nios2eds/bin/gnu/h-x86_64-mingw32/bin/../lib/gcc/nios2-elf/5.3.0/../../../../../H-x86_64-mingw32/nios2-elf/lib/mno-hw-mul\libsmallc.a(lib_a-exit.o)
 .debug_aranges
                0x0000000000000520       0x20 d:/quartus/nios2eds/bin/gnu/h-x86_64-mingw32/bin/../lib/gcc/nios2-elf/5.3.0/../../../../../H-x86_64-mingw32/nios2-elf/lib/mno-hw-mul\libsmallc.a(lib_a-memcmp.o)
 .debug_aranges
                0x0000000000000540       0x20 d:/quartus/nios2eds/bin/gnu/h-x86_64-mingw32/bin/../lib/gcc/nios2-elf/5.3.0/../../../../../H-x86_64-mingw32/nios2-elf/lib/mno-hw-mul\libsmallc.a(lib_a-memcpy.o)
 .debug_aranges
                0x0000000000000560       0x20 d:/quartus/nios2eds/bin/gnu/h-x86_64-mingw32/bin/../lib/gcc/nios2-elf/5.3.0/../../../../../H-x86_64-mingw32/nios2-elf/lib/mno-hw-mul\libsmallc.a(lib_a-__call_atexit.o)
 .debug_aranges
                0x0000000000000580       0x20 d:/quartus/nios2eds/bin/gnu/h-x86_64-mingw32/bin/../lib/gcc/nios2-elf/5.3.0/mno-hw-mul\libgcc.a(lib2-mul.o)
 .debug_aranges
                0x00000000000005a0       0x20 ../test_bsp/\libhal_bsp.a(alt_exit.o)

.debug_pubnames
 *(.debug_pubnames)

.debug_info     0x0000000000000000     0x729b
 *(.debug_info .gnu.linkonce.wi.*)
 .debug_info    0x0000000000000000       0x5a ../test_bsp//obj/HAL/src/crt0.o
 .debug_info    0x000000000000005a       0x96 obj/default/hello_world.o
 .debug_info    0x00000000000000f0      0x66d d:/quartus/nios2eds/bin/gnu/h-x86_64-mingw32/bin/../lib/gcc/nios2-elf/5.3.0/../../../../../H-x86_64-mingw32/nios2-elf/lib/mno-hw-mul\libsmallc.a(lib_a-puts.o)
 .debug_info    0x000000000000075d       0xc9 d:/quartus/nios2eds/bin/gnu/h-x86_64-mingw32/bin/../lib/gcc/nios2-elf/5.3.0/../../../../../H-x86_64-mingw32/nios2-elf/lib/mno-hw-mul\libsmallc.a(lib_a-strlen.o)
 .debug_info    0x0000000000000826      0x62b d:/quartus/nios2eds/bin/gnu/h-x86_64-mingw32/bin/../lib/gcc/nios2-elf/5.3.0/../../../../../H-x86_64-mingw32/nios2-elf/lib/mno-hw-mul\libsmallc.a(lib_a-fvwrite_small_dev.o)
 .debug_info    0x0000000000000e51      0x5a9 d:/quartus/nios2eds/bin/gnu/h-x86_64-mingw32/bin/../lib/gcc/nios2-elf/5.3.0/../../../../../H-x86_64-mingw32/nios2-elf/lib/mno-hw-mul\libsmallc.a(lib_a-impure.o)
 .debug_info    0x00000000000013fa      0x630 d:/quartus/nios2eds/bin/gnu/h-x86_64-mingw32/bin/../lib/gcc/nios2-elf/5.3.0/../../../../../H-x86_64-mingw32/nios2-elf/lib/mno-hw-mul\libsmallc.a(lib_a-writer.o)
 .debug_info    0x0000000000001a2a       0x8a d:/quartus/nios2eds/bin/gnu/h-x86_64-mingw32/bin/../lib/gcc/nios2-elf/5.3.0/../../../../../H-x86_64-mingw32/nios2-elf/lib/mno-hw-mul\libsmallc.a(lib_a-int_errno.o)
 .debug_info    0x0000000000001ab4      0x145 ../test_bsp/\libhal_bsp.a(alt_load.o)
 .debug_info    0x0000000000001bf9      0x131 ../test_bsp/\libhal_bsp.a(alt_main.o)
 .debug_info    0x0000000000001d2a      0x4b7 ../test_bsp/\libhal_bsp.a(alt_write.o)
 .debug_info    0x00000000000021e1      0x4c3 ../test_bsp/\libhal_bsp.a(alt_sys_init.o)
 .debug_info    0x00000000000026a4      0x52e ../test_bsp/\libhal_bsp.a(altera_avalon_jtag_uart_fd.o)
 .debug_info    0x0000000000002bd2      0x3a0 ../test_bsp/\libhal_bsp.a(altera_avalon_jtag_uart_init.o)
 .debug_info    0x0000000000002f72      0x280 ../test_bsp/\libhal_bsp.a(altera_avalon_jtag_uart_ioctl.o)
 .debug_info    0x00000000000031f2      0x345 ../test_bsp/\libhal_bsp.a(altera_avalon_jtag_uart_read.o)
 .debug_info    0x0000000000003537      0x340 ../test_bsp/\libhal_bsp.a(altera_avalon_jtag_uart_write.o)
 .debug_info    0x0000000000003877      0x2cc ../test_bsp/\libhal_bsp.a(alt_alarm_start.o)
 .debug_info    0x0000000000003b43      0x321 ../test_bsp/\libhal_bsp.a(alt_close.o)
 .debug_info    0x0000000000003e64       0x92 ../test_bsp/\libhal_bsp.a(alt_dcache_flush_all.o)
 .debug_info    0x0000000000003ef6      0x49c ../test_bsp/\libhal_bsp.a(alt_dev.o)
 .debug_info    0x0000000000004392      0x1a9 ../test_bsp/\libhal_bsp.a(alt_dev_llist_insert.o)
 .debug_info    0x000000000000453b       0xa6 ../test_bsp/\libhal_bsp.a(alt_errno.o)
 .debug_info    0x00000000000045e1       0x92 ../test_bsp/\libhal_bsp.a(alt_icache_flush_all.o)
 .debug_info    0x0000000000004673      0x350 ../test_bsp/\libhal_bsp.a(alt_iic.o)
 .debug_info    0x00000000000049c3      0x1ef ../test_bsp/\libhal_bsp.a(alt_iic_isr_register.o)
 .debug_info    0x0000000000004bb2      0x4a5 ../test_bsp/\libhal_bsp.a(alt_io_redirect.o)
 .debug_info    0x0000000000005057       0x63 ../test_bsp/\libhal_bsp.a(alt_irq_entry.o)
 .debug_info    0x00000000000050ba      0x187 ../test_bsp/\libhal_bsp.a(alt_irq_handler.o)
 .debug_info    0x0000000000005241       0x88 ../test_bsp/\libhal_bsp.a(alt_irq_vars.o)
 .debug_info    0x00000000000052c9      0x3bb ../test_bsp/\libhal_bsp.a(alt_open.o)
 .debug_info    0x0000000000005684      0x2b0 ../test_bsp/\libhal_bsp.a(alt_release_fd.o)
 .debug_info    0x0000000000005934      0x299 ../test_bsp/\libhal_bsp.a(alt_tick.o)
 .debug_info    0x0000000000005bcd       0x92 ../test_bsp/\libhal_bsp.a(altera_nios2_gen2_irq.o)
 .debug_info    0x0000000000005c5f       0x69 ../test_bsp/\libhal_bsp.a(alt_exception_entry.o)
 .debug_info    0x0000000000005cc8      0x2e9 ../test_bsp/\libhal_bsp.a(alt_find_dev.o)
 .debug_info    0x0000000000005fb1      0x2e6 ../test_bsp/\libhal_bsp.a(alt_find_file.o)
 .debug_info    0x0000000000006297      0x310 ../test_bsp/\libhal_bsp.a(alt_get_fd.o)
 .debug_info    0x00000000000065a7      0x1e7 ../test_bsp/\libhal_bsp.a(alt_instruction_exception_entry.o)
 .debug_info    0x000000000000678e       0xe5 d:/quartus/nios2eds/bin/gnu/h-x86_64-mingw32/bin/../lib/gcc/nios2-elf/5.3.0/../../../../../H-x86_64-mingw32/nios2-elf/lib/mno-hw-mul\libsmallc.a(lib_a-exit.o)
 .debug_info    0x0000000000006873       0xf4 d:/quartus/nios2eds/bin/gnu/h-x86_64-mingw32/bin/../lib/gcc/nios2-elf/5.3.0/../../../../../H-x86_64-mingw32/nios2-elf/lib/mno-hw-mul\libsmallc.a(lib_a-memcmp.o)
 .debug_info    0x0000000000006967      0x119 d:/quartus/nios2eds/bin/gnu/h-x86_64-mingw32/bin/../lib/gcc/nios2-elf/5.3.0/../../../../../H-x86_64-mingw32/nios2-elf/lib/mno-hw-mul\libsmallc.a(lib_a-memcpy.o)
 .debug_info    0x0000000000006a80      0x67b d:/quartus/nios2eds/bin/gnu/h-x86_64-mingw32/bin/../lib/gcc/nios2-elf/5.3.0/../../../../../H-x86_64-mingw32/nios2-elf/lib/mno-hw-mul\libsmallc.a(lib_a-__call_atexit.o)
 .debug_info    0x00000000000070fb       0xb4 d:/quartus/nios2eds/bin/gnu/h-x86_64-mingw32/bin/../lib/gcc/nios2-elf/5.3.0/mno-hw-mul\libgcc.a(lib2-mul.o)
 .debug_info    0x00000000000071af       0xec ../test_bsp/\libhal_bsp.a(alt_exit.o)

.debug_abbrev   0x0000000000000000     0x29b8
 *(.debug_abbrev)
 .debug_abbrev  0x0000000000000000       0x12 ../test_bsp//obj/HAL/src/crt0.o
 .debug_abbrev  0x0000000000000012       0x42 obj/default/hello_world.o
 .debug_abbrev  0x0000000000000054      0x1d6 d:/quartus/nios2eds/bin/gnu/h-x86_64-mingw32/bin/../lib/gcc/nios2-elf/5.3.0/../../../../../H-x86_64-mingw32/nios2-elf/lib/mno-hw-mul\libsmallc.a(lib_a-puts.o)
 .debug_abbrev  0x000000000000022a       0x7f d:/quartus/nios2eds/bin/gnu/h-x86_64-mingw32/bin/../lib/gcc/nios2-elf/5.3.0/../../../../../H-x86_64-mingw32/nios2-elf/lib/mno-hw-mul\libsmallc.a(lib_a-strlen.o)
 .debug_abbrev  0x00000000000002a9      0x1bc d:/quartus/nios2eds/bin/gnu/h-x86_64-mingw32/bin/../lib/gcc/nios2-elf/5.3.0/../../../../../H-x86_64-mingw32/nios2-elf/lib/mno-hw-mul\libsmallc.a(lib_a-fvwrite_small_dev.o)
 .debug_abbrev  0x0000000000000465      0x14a d:/quartus/nios2eds/bin/gnu/h-x86_64-mingw32/bin/../lib/gcc/nios2-elf/5.3.0/../../../../../H-x86_64-mingw32/nios2-elf/lib/mno-hw-mul\libsmallc.a(lib_a-impure.o)
 .debug_abbrev  0x00000000000005af      0x1a6 d:/quartus/nios2eds/bin/gnu/h-x86_64-mingw32/bin/../lib/gcc/nios2-elf/5.3.0/../../../../../H-x86_64-mingw32/nios2-elf/lib/mno-hw-mul\libsmallc.a(lib_a-writer.o)
 .debug_abbrev  0x0000000000000755       0x37 d:/quartus/nios2eds/bin/gnu/h-x86_64-mingw32/bin/../lib/gcc/nios2-elf/5.3.0/../../../../../H-x86_64-mingw32/nios2-elf/lib/mno-hw-mul\libsmallc.a(lib_a-int_errno.o)
 .debug_abbrev  0x000000000000078c       0x9f ../test_bsp/\libhal_bsp.a(alt_load.o)
 .debug_abbrev  0x000000000000082b       0xba ../test_bsp/\libhal_bsp.a(alt_main.o)
 .debug_abbrev  0x00000000000008e5      0x133 ../test_bsp/\libhal_bsp.a(alt_write.o)
 .debug_abbrev  0x0000000000000a18      0x187 ../test_bsp/\libhal_bsp.a(alt_sys_init.o)
 .debug_abbrev  0x0000000000000b9f      0x127 ../test_bsp/\libhal_bsp.a(altera_avalon_jtag_uart_fd.o)
 .debug_abbrev  0x0000000000000cc6      0x19e ../test_bsp/\libhal_bsp.a(altera_avalon_jtag_uart_init.o)
 .debug_abbrev  0x0000000000000e64      0x111 ../test_bsp/\libhal_bsp.a(altera_avalon_jtag_uart_ioctl.o)
 .debug_abbrev  0x0000000000000f75      0x1aa ../test_bsp/\libhal_bsp.a(altera_avalon_jtag_uart_read.o)
 .debug_abbrev  0x000000000000111f      0x1a8 ../test_bsp/\libhal_bsp.a(altera_avalon_jtag_uart_write.o)
 .debug_abbrev  0x00000000000012c7      0x162 ../test_bsp/\libhal_bsp.a(alt_alarm_start.o)
 .debug_abbrev  0x0000000000001429      0x11f ../test_bsp/\libhal_bsp.a(alt_close.o)
 .debug_abbrev  0x0000000000001548       0x42 ../test_bsp/\libhal_bsp.a(alt_dcache_flush_all.o)
 .debug_abbrev  0x000000000000158a       0xd9 ../test_bsp/\libhal_bsp.a(alt_dev.o)
 .debug_abbrev  0x0000000000001663      0x114 ../test_bsp/\libhal_bsp.a(alt_dev_llist_insert.o)
 .debug_abbrev  0x0000000000001777       0x5a ../test_bsp/\libhal_bsp.a(alt_errno.o)
 .debug_abbrev  0x00000000000017d1       0x42 ../test_bsp/\libhal_bsp.a(alt_icache_flush_all.o)
 .debug_abbrev  0x0000000000001813      0x163 ../test_bsp/\libhal_bsp.a(alt_iic.o)
 .debug_abbrev  0x0000000000001976      0x169 ../test_bsp/\libhal_bsp.a(alt_iic_isr_register.o)
 .debug_abbrev  0x0000000000001adf      0x114 ../test_bsp/\libhal_bsp.a(alt_io_redirect.o)
 .debug_abbrev  0x0000000000001bf3       0x12 ../test_bsp/\libhal_bsp.a(alt_irq_entry.o)
 .debug_abbrev  0x0000000000001c05      0x122 ../test_bsp/\libhal_bsp.a(alt_irq_handler.o)
 .debug_abbrev  0x0000000000001d27       0x40 ../test_bsp/\libhal_bsp.a(alt_irq_vars.o)
 .debug_abbrev  0x0000000000001d67      0x148 ../test_bsp/\libhal_bsp.a(alt_open.o)
 .debug_abbrev  0x0000000000001eaf       0xde ../test_bsp/\libhal_bsp.a(alt_release_fd.o)
 .debug_abbrev  0x0000000000001f8d      0x15a ../test_bsp/\libhal_bsp.a(alt_tick.o)
 .debug_abbrev  0x00000000000020e7       0x42 ../test_bsp/\libhal_bsp.a(altera_nios2_gen2_irq.o)
 .debug_abbrev  0x0000000000002129       0x12 ../test_bsp/\libhal_bsp.a(alt_exception_entry.o)
 .debug_abbrev  0x000000000000213b       0xf0 ../test_bsp/\libhal_bsp.a(alt_find_dev.o)
 .debug_abbrev  0x000000000000222b       0xf0 ../test_bsp/\libhal_bsp.a(alt_find_file.o)
 .debug_abbrev  0x000000000000231b      0x10d ../test_bsp/\libhal_bsp.a(alt_get_fd.o)
 .debug_abbrev  0x0000000000002428       0xdc ../test_bsp/\libhal_bsp.a(alt_instruction_exception_entry.o)
 .debug_abbrev  0x0000000000002504       0x8b d:/quartus/nios2eds/bin/gnu/h-x86_64-mingw32/bin/../lib/gcc/nios2-elf/5.3.0/../../../../../H-x86_64-mingw32/nios2-elf/lib/mno-hw-mul\libsmallc.a(lib_a-exit.o)
 .debug_abbrev  0x000000000000258f       0x7f d:/quartus/nios2eds/bin/gnu/h-x86_64-mingw32/bin/../lib/gcc/nios2-elf/5.3.0/../../../../../H-x86_64-mingw32/nios2-elf/lib/mno-hw-mul\libsmallc.a(lib_a-memcmp.o)
 .debug_abbrev  0x000000000000260e       0x9c d:/quartus/nios2eds/bin/gnu/h-x86_64-mingw32/bin/../lib/gcc/nios2-elf/5.3.0/../../../../../H-x86_64-mingw32/nios2-elf/lib/mno-hw-mul\libsmallc.a(lib_a-memcpy.o)
 .debug_abbrev  0x00000000000026aa      0x1f6 d:/quartus/nios2eds/bin/gnu/h-x86_64-mingw32/bin/../lib/gcc/nios2-elf/5.3.0/../../../../../H-x86_64-mingw32/nios2-elf/lib/mno-hw-mul\libsmallc.a(lib_a-__call_atexit.o)
 .debug_abbrev  0x00000000000028a0       0x6f d:/quartus/nios2eds/bin/gnu/h-x86_64-mingw32/bin/../lib/gcc/nios2-elf/5.3.0/mno-hw-mul\libgcc.a(lib2-mul.o)
 .debug_abbrev  0x000000000000290f       0xa9 ../test_bsp/\libhal_bsp.a(alt_exit.o)

.debug_line     0x0000000000000000     0x2c0c
 *(.debug_line)
 .debug_line    0x0000000000000000       0x66 ../test_bsp//obj/HAL/src/crt0.o
 .debug_line    0x0000000000000066       0x40 obj/default/hello_world.o
 .debug_line    0x00000000000000a6      0x206 d:/quartus/nios2eds/bin/gnu/h-x86_64-mingw32/bin/../lib/gcc/nios2-elf/5.3.0/../../../../../H-x86_64-mingw32/nios2-elf/lib/mno-hw-mul\libsmallc.a(lib_a-puts.o)
 .debug_line    0x00000000000002ac      0x15c d:/quartus/nios2eds/bin/gnu/h-x86_64-mingw32/bin/../lib/gcc/nios2-elf/5.3.0/../../../../../H-x86_64-mingw32/nios2-elf/lib/mno-hw-mul\libsmallc.a(lib_a-strlen.o)
 .debug_line    0x0000000000000408      0x1f0 d:/quartus/nios2eds/bin/gnu/h-x86_64-mingw32/bin/../lib/gcc/nios2-elf/5.3.0/../../../../../H-x86_64-mingw32/nios2-elf/lib/mno-hw-mul\libsmallc.a(lib_a-fvwrite_small_dev.o)
 .debug_line    0x00000000000005f8      0x156 d:/quartus/nios2eds/bin/gnu/h-x86_64-mingw32/bin/../lib/gcc/nios2-elf/5.3.0/../../../../../H-x86_64-mingw32/nios2-elf/lib/mno-hw-mul\libsmallc.a(lib_a-impure.o)
 .debug_line    0x000000000000074e      0x1ed d:/quartus/nios2eds/bin/gnu/h-x86_64-mingw32/bin/../lib/gcc/nios2-elf/5.3.0/../../../../../H-x86_64-mingw32/nios2-elf/lib/mno-hw-mul\libsmallc.a(lib_a-writer.o)
 .debug_line    0x000000000000093b       0x5f d:/quartus/nios2eds/bin/gnu/h-x86_64-mingw32/bin/../lib/gcc/nios2-elf/5.3.0/../../../../../H-x86_64-mingw32/nios2-elf/lib/mno-hw-mul\libsmallc.a(lib_a-int_errno.o)
 .debug_line    0x000000000000099a       0x8e ../test_bsp/\libhal_bsp.a(alt_load.o)
 .debug_line    0x0000000000000a28       0x9e ../test_bsp/\libhal_bsp.a(alt_main.o)
 .debug_line    0x0000000000000ac6      0x1c3 ../test_bsp/\libhal_bsp.a(alt_write.o)
 .debug_line    0x0000000000000c89      0x137 ../test_bsp/\libhal_bsp.a(alt_sys_init.o)
 .debug_line    0x0000000000000dc0      0x12f ../test_bsp/\libhal_bsp.a(altera_avalon_jtag_uart_fd.o)
 .debug_line    0x0000000000000eef      0x18b ../test_bsp/\libhal_bsp.a(altera_avalon_jtag_uart_init.o)
 .debug_line    0x000000000000107a      0x131 ../test_bsp/\libhal_bsp.a(altera_avalon_jtag_uart_ioctl.o)
 .debug_line    0x00000000000011ab      0x171 ../test_bsp/\libhal_bsp.a(altera_avalon_jtag_uart_read.o)
 .debug_line    0x000000000000131c      0x170 ../test_bsp/\libhal_bsp.a(altera_avalon_jtag_uart_write.o)
 .debug_line    0x000000000000148c       0xf9 ../test_bsp/\libhal_bsp.a(alt_alarm_start.o)
 .debug_line    0x0000000000001585      0x159 ../test_bsp/\libhal_bsp.a(alt_close.o)
 .debug_line    0x00000000000016de       0x51 ../test_bsp/\libhal_bsp.a(alt_dcache_flush_all.o)
 .debug_line    0x000000000000172f       0xec ../test_bsp/\libhal_bsp.a(alt_dev.o)
 .debug_line    0x000000000000181b       0xcf ../test_bsp/\libhal_bsp.a(alt_dev_llist_insert.o)
 .debug_line    0x00000000000018ea       0x51 ../test_bsp/\libhal_bsp.a(alt_errno.o)
 .debug_line    0x000000000000193b       0x4f ../test_bsp/\libhal_bsp.a(alt_icache_flush_all.o)
 .debug_line    0x000000000000198a       0xeb ../test_bsp/\libhal_bsp.a(alt_iic.o)
 .debug_line    0x0000000000001a75       0xdb ../test_bsp/\libhal_bsp.a(alt_iic_isr_register.o)
 .debug_line    0x0000000000001b50      0x129 ../test_bsp/\libhal_bsp.a(alt_io_redirect.o)
 .debug_line    0x0000000000001c79       0x6b ../test_bsp/\libhal_bsp.a(alt_irq_entry.o)
 .debug_line    0x0000000000001ce4       0xaa ../test_bsp/\libhal_bsp.a(alt_irq_handler.o)
 .debug_line    0x0000000000001d8e       0x50 ../test_bsp/\libhal_bsp.a(alt_irq_vars.o)
 .debug_line    0x0000000000001dde      0x12b ../test_bsp/\libhal_bsp.a(alt_open.o)
 .debug_line    0x0000000000001f09       0xb0 ../test_bsp/\libhal_bsp.a(alt_release_fd.o)
 .debug_line    0x0000000000001fb9       0xff ../test_bsp/\libhal_bsp.a(alt_tick.o)
 .debug_line    0x00000000000020b8       0x51 ../test_bsp/\libhal_bsp.a(altera_nios2_gen2_irq.o)
 .debug_line    0x0000000000002109       0xb3 ../test_bsp/\libhal_bsp.a(alt_exception_entry.o)
 .debug_line    0x00000000000021bc       0xb5 ../test_bsp/\libhal_bsp.a(alt_find_dev.o)
 .debug_line    0x0000000000002271       0xd1 ../test_bsp/\libhal_bsp.a(alt_find_file.o)
 .debug_line    0x0000000000002342       0xd7 ../test_bsp/\libhal_bsp.a(alt_get_fd.o)
 .debug_line    0x0000000000002419       0xb9 ../test_bsp/\libhal_bsp.a(alt_instruction_exception_entry.o)
 .debug_line    0x00000000000024d2      0x159 d:/quartus/nios2eds/bin/gnu/h-x86_64-mingw32/bin/../lib/gcc/nios2-elf/5.3.0/../../../../../H-x86_64-mingw32/nios2-elf/lib/mno-hw-mul\libsmallc.a(lib_a-exit.o)
 .debug_line    0x000000000000262b      0x160 d:/quartus/nios2eds/bin/gnu/h-x86_64-mingw32/bin/../lib/gcc/nios2-elf/5.3.0/../../../../../H-x86_64-mingw32/nios2-elf/lib/mno-hw-mul\libsmallc.a(lib_a-memcmp.o)
 .debug_line    0x000000000000278b      0x15e d:/quartus/nios2eds/bin/gnu/h-x86_64-mingw32/bin/../lib/gcc/nios2-elf/5.3.0/../../../../../H-x86_64-mingw32/nios2-elf/lib/mno-hw-mul\libsmallc.a(lib_a-memcpy.o)
 .debug_line    0x00000000000028e9      0x232 d:/quartus/nios2eds/bin/gnu/h-x86_64-mingw32/bin/../lib/gcc/nios2-elf/5.3.0/../../../../../H-x86_64-mingw32/nios2-elf/lib/mno-hw-mul\libsmallc.a(lib_a-__call_atexit.o)
 .debug_line    0x0000000000002b1b       0x80 d:/quartus/nios2eds/bin/gnu/h-x86_64-mingw32/bin/../lib/gcc/nios2-elf/5.3.0/mno-hw-mul\libgcc.a(lib2-mul.o)
 .debug_line    0x0000000000002b9b       0x71 ../test_bsp/\libhal_bsp.a(alt_exit.o)

.debug_frame    0x0000000000000000      0xb08
 *(.debug_frame)
 .debug_frame   0x0000000000000000       0x38 obj/default/hello_world.o
 .debug_frame   0x0000000000000038       0x48 d:/quartus/nios2eds/bin/gnu/h-x86_64-mingw32/bin/../lib/gcc/nios2-elf/5.3.0/../../../../../H-x86_64-mingw32/nios2-elf/lib/mno-hw-mul\libsmallc.a(lib_a-puts.o)
 .debug_frame   0x0000000000000080       0x20 d:/quartus/nios2eds/bin/gnu/h-x86_64-mingw32/bin/../lib/gcc/nios2-elf/5.3.0/../../../../../H-x86_64-mingw32/nios2-elf/lib/mno-hw-mul\libsmallc.a(lib_a-strlen.o)
 .debug_frame   0x00000000000000a0       0x58 d:/quartus/nios2eds/bin/gnu/h-x86_64-mingw32/bin/../lib/gcc/nios2-elf/5.3.0/../../../../../H-x86_64-mingw32/nios2-elf/lib/mno-hw-mul\libsmallc.a(lib_a-fvwrite_small_dev.o)
 .debug_frame   0x00000000000000f8       0x38 d:/quartus/nios2eds/bin/gnu/h-x86_64-mingw32/bin/../lib/gcc/nios2-elf/5.3.0/../../../../../H-x86_64-mingw32/nios2-elf/lib/mno-hw-mul\libsmallc.a(lib_a-writer.o)
 .debug_frame   0x0000000000000130       0x5c ../test_bsp/\libhal_bsp.a(alt_load.o)
 .debug_frame   0x000000000000018c       0x2c ../test_bsp/\libhal_bsp.a(alt_main.o)
 .debug_frame   0x00000000000001b8       0x60 ../test_bsp/\libhal_bsp.a(alt_write.o)
 .debug_frame   0x0000000000000218       0x88 ../test_bsp/\libhal_bsp.a(alt_sys_init.o)
 .debug_frame   0x00000000000002a0       0xb0 ../test_bsp/\libhal_bsp.a(altera_avalon_jtag_uart_fd.o)
 .debug_frame   0x0000000000000350       0xa4 ../test_bsp/\libhal_bsp.a(altera_avalon_jtag_uart_init.o)
 .debug_frame   0x00000000000003f4       0x34 ../test_bsp/\libhal_bsp.a(altera_avalon_jtag_uart_ioctl.o)
 .debug_frame   0x0000000000000428       0x38 ../test_bsp/\libhal_bsp.a(altera_avalon_jtag_uart_read.o)
 .debug_frame   0x0000000000000460       0x38 ../test_bsp/\libhal_bsp.a(altera_avalon_jtag_uart_write.o)
 .debug_frame   0x0000000000000498       0x34 ../test_bsp/\libhal_bsp.a(alt_alarm_start.o)
 .debug_frame   0x00000000000004cc       0x60 ../test_bsp/\libhal_bsp.a(alt_close.o)
 .debug_frame   0x000000000000052c       0x34 ../test_bsp/\libhal_bsp.a(alt_dcache_flush_all.o)
 .debug_frame   0x0000000000000560       0x34 ../test_bsp/\libhal_bsp.a(alt_dev.o)
 .debug_frame   0x0000000000000594       0x60 ../test_bsp/\libhal_bsp.a(alt_dev_llist_insert.o)
 .debug_frame   0x00000000000005f4       0x34 ../test_bsp/\libhal_bsp.a(alt_icache_flush_all.o)
 .debug_frame   0x0000000000000628       0xa4 ../test_bsp/\libhal_bsp.a(alt_iic.o)
 .debug_frame   0x00000000000006cc       0x38 ../test_bsp/\libhal_bsp.a(alt_iic_isr_register.o)
 .debug_frame   0x0000000000000704       0x64 ../test_bsp/\libhal_bsp.a(alt_io_redirect.o)
 .debug_frame   0x0000000000000768       0x38 ../test_bsp/\libhal_bsp.a(alt_irq_handler.o)
 .debug_frame   0x00000000000007a0       0x8c ../test_bsp/\libhal_bsp.a(alt_open.o)
 .debug_frame   0x000000000000082c       0x3c ../test_bsp/\libhal_bsp.a(alt_release_fd.o)
 .debug_frame   0x0000000000000868       0x5c ../test_bsp/\libhal_bsp.a(alt_tick.o)
 .debug_frame   0x00000000000008c4       0x34 ../test_bsp/\libhal_bsp.a(altera_nios2_gen2_irq.o)
 .debug_frame   0x00000000000008f8       0x38 ../test_bsp/\libhal_bsp.a(alt_find_dev.o)
 .debug_frame   0x0000000000000930       0x38 ../test_bsp/\libhal_bsp.a(alt_find_file.o)
 .debug_frame   0x0000000000000968       0x3c ../test_bsp/\libhal_bsp.a(alt_get_fd.o)
 .debug_frame   0x00000000000009a4       0x5c ../test_bsp/\libhal_bsp.a(alt_instruction_exception_entry.o)
 .debug_frame   0x0000000000000a00       0x28 d:/quartus/nios2eds/bin/gnu/h-x86_64-mingw32/bin/../lib/gcc/nios2-elf/5.3.0/../../../../../H-x86_64-mingw32/nios2-elf/lib/mno-hw-mul\libsmallc.a(lib_a-exit.o)
 .debug_frame   0x0000000000000a28       0x20 d:/quartus/nios2eds/bin/gnu/h-x86_64-mingw32/bin/../lib/gcc/nios2-elf/5.3.0/../../../../../H-x86_64-mingw32/nios2-elf/lib/mno-hw-mul\libsmallc.a(lib_a-memcmp.o)
 .debug_frame   0x0000000000000a48       0x20 d:/quartus/nios2eds/bin/gnu/h-x86_64-mingw32/bin/../lib/gcc/nios2-elf/5.3.0/../../../../../H-x86_64-mingw32/nios2-elf/lib/mno-hw-mul\libsmallc.a(lib_a-memcpy.o)
 .debug_frame   0x0000000000000a68       0x54 d:/quartus/nios2eds/bin/gnu/h-x86_64-mingw32/bin/../lib/gcc/nios2-elf/5.3.0/../../../../../H-x86_64-mingw32/nios2-elf/lib/mno-hw-mul\libsmallc.a(lib_a-__call_atexit.o)
 .debug_frame   0x0000000000000abc       0x20 d:/quartus/nios2eds/bin/gnu/h-x86_64-mingw32/bin/../lib/gcc/nios2-elf/5.3.0/mno-hw-mul\libgcc.a(lib2-mul.o)
 .debug_frame   0x0000000000000adc       0x2c ../test_bsp/\libhal_bsp.a(alt_exit.o)

.debug_str      0x0000000000000000     0x1ab1
 *(.debug_str)
 .debug_str     0x0000000000000000       0xde obj/default/hello_world.o
                                        0x11c (size before relaxing)
 .debug_str     0x00000000000000de      0x3f3 d:/quartus/nios2eds/bin/gnu/h-x86_64-mingw32/bin/../lib/gcc/nios2-elf/5.3.0/../../../../../H-x86_64-mingw32/nios2-elf/lib/mno-hw-mul\libsmallc.a(lib_a-puts.o)
                                        0x4cd (size before relaxing)
 .debug_str     0x00000000000004d1       0xd2 d:/quartus/nios2eds/bin/gnu/h-x86_64-mingw32/bin/../lib/gcc/nios2-elf/5.3.0/../../../../../H-x86_64-mingw32/nios2-elf/lib/mno-hw-mul\libsmallc.a(lib_a-strlen.o)
                                        0x1e5 (size before relaxing)
 .debug_str     0x00000000000005a3       0x63 d:/quartus/nios2eds/bin/gnu/h-x86_64-mingw32/bin/../lib/gcc/nios2-elf/5.3.0/../../../../../H-x86_64-mingw32/nios2-elf/lib/mno-hw-mul\libsmallc.a(lib_a-fvwrite_small_dev.o)
                                        0x4d4 (size before relaxing)
 .debug_str     0x0000000000000606       0xef d:/quartus/nios2eds/bin/gnu/h-x86_64-mingw32/bin/../lib/gcc/nios2-elf/5.3.0/../../../../../H-x86_64-mingw32/nios2-elf/lib/mno-hw-mul\libsmallc.a(lib_a-impure.o)
                                        0x4be (size before relaxing)
 .debug_str     0x00000000000006f5       0x45 d:/quartus/nios2eds/bin/gnu/h-x86_64-mingw32/bin/../lib/gcc/nios2-elf/5.3.0/../../../../../H-x86_64-mingw32/nios2-elf/lib/mno-hw-mul\libsmallc.a(lib_a-writer.o)
                                        0x4b8 (size before relaxing)
 .debug_str     0x000000000000073a       0x3f d:/quartus/nios2eds/bin/gnu/h-x86_64-mingw32/bin/../lib/gcc/nios2-elf/5.3.0/../../../../../H-x86_64-mingw32/nios2-elf/lib/mno-hw-mul\libsmallc.a(lib_a-int_errno.o)
                                        0x1d8 (size before relaxing)
 .debug_str     0x0000000000000779      0x117 ../test_bsp/\libhal_bsp.a(alt_load.o)
                                        0x1fe (size before relaxing)
 .debug_str     0x0000000000000890       0x70 ../test_bsp/\libhal_bsp.a(alt_main.o)
                                        0x189 (size before relaxing)
 .debug_str     0x0000000000000900      0x15a ../test_bsp/\libhal_bsp.a(alt_write.o)
                                        0x2e4 (size before relaxing)
 .debug_str     0x0000000000000a5a      0x15a ../test_bsp/\libhal_bsp.a(alt_sys_init.o)
                                        0x344 (size before relaxing)
 .debug_str     0x0000000000000bb4       0xb9 ../test_bsp/\libhal_bsp.a(altera_avalon_jtag_uart_fd.o)
                                        0x390 (size before relaxing)
 .debug_str     0x0000000000000c6d       0xd1 ../test_bsp/\libhal_bsp.a(altera_avalon_jtag_uart_init.o)
                                        0x324 (size before relaxing)
 .debug_str     0x0000000000000d3e       0x4a ../test_bsp/\libhal_bsp.a(altera_avalon_jtag_uart_ioctl.o)
                                        0x27f (size before relaxing)
 .debug_str     0x0000000000000d88       0x7f ../test_bsp/\libhal_bsp.a(altera_avalon_jtag_uart_read.o)
                                        0x2d4 (size before relaxing)
 .debug_str     0x0000000000000e07       0x4a ../test_bsp/\libhal_bsp.a(altera_avalon_jtag_uart_write.o)
                                        0x2d5 (size before relaxing)
 .debug_str     0x0000000000000e51       0x59 ../test_bsp/\libhal_bsp.a(alt_alarm_start.o)
                                        0x26a (size before relaxing)
 .debug_str     0x0000000000000eaa       0x1b ../test_bsp/\libhal_bsp.a(alt_close.o)
                                        0x1f7 (size before relaxing)
 .debug_str     0x0000000000000ec5       0x34 ../test_bsp/\libhal_bsp.a(alt_dcache_flush_all.o)
                                        0x141 (size before relaxing)
 .debug_str     0x0000000000000ef9       0x50 ../test_bsp/\libhal_bsp.a(alt_dev.o)
                                        0x2f1 (size before relaxing)
 .debug_str     0x0000000000000f49       0x34 ../test_bsp/\libhal_bsp.a(alt_dev_llist_insert.o)
                                        0x1b8 (size before relaxing)
 .debug_str     0x0000000000000f7d       0x14 ../test_bsp/\libhal_bsp.a(alt_errno.o)
                                        0x131 (size before relaxing)
 .debug_str     0x0000000000000f91       0x34 ../test_bsp/\libhal_bsp.a(alt_icache_flush_all.o)
                                        0x141 (size before relaxing)
 .debug_str     0x0000000000000fc5       0xc4 ../test_bsp/\libhal_bsp.a(alt_iic.o)
                                        0x22a (size before relaxing)
 .debug_str     0x0000000000001089       0x4c ../test_bsp/\libhal_bsp.a(alt_iic_isr_register.o)
                                        0x1d4 (size before relaxing)
 .debug_str     0x00000000000010d5       0x56 ../test_bsp/\libhal_bsp.a(alt_io_redirect.o)
                                        0x302 (size before relaxing)
 .debug_str     0x000000000000112b       0x3a ../test_bsp/\libhal_bsp.a(alt_irq_handler.o)
                                        0x183 (size before relaxing)
 .debug_str     0x0000000000001165       0x17 ../test_bsp/\libhal_bsp.a(alt_irq_vars.o)
                                        0x126 (size before relaxing)
 .debug_str     0x000000000000117c       0x2f ../test_bsp/\libhal_bsp.a(alt_open.o)
                                        0x237 (size before relaxing)
 .debug_str     0x00000000000011ab       0x28 ../test_bsp/\libhal_bsp.a(alt_release_fd.o)
                                        0x1bf (size before relaxing)
 .debug_str     0x00000000000011d3       0x4a ../test_bsp/\libhal_bsp.a(alt_tick.o)
                                        0x23e (size before relaxing)
 .debug_str     0x000000000000121d       0x3b ../test_bsp/\libhal_bsp.a(altera_nios2_gen2_irq.o)
                                        0x148 (size before relaxing)
 .debug_str     0x0000000000001258       0x24 ../test_bsp/\libhal_bsp.a(alt_find_dev.o)
                                        0x1d8 (size before relaxing)
 .debug_str     0x000000000000127c       0x26 ../test_bsp/\libhal_bsp.a(alt_find_file.o)
                                        0x1e6 (size before relaxing)
 .debug_str     0x00000000000012a2       0x30 ../test_bsp/\libhal_bsp.a(alt_get_fd.o)
                                        0x208 (size before relaxing)
 .debug_str     0x00000000000012d2      0x48b ../test_bsp/\libhal_bsp.a(alt_instruction_exception_entry.o)
                                        0x58c (size before relaxing)
 .debug_str     0x000000000000175d       0xe1 d:/quartus/nios2eds/bin/gnu/h-x86_64-mingw32/bin/../lib/gcc/nios2-elf/5.3.0/../../../../../H-x86_64-mingw32/nios2-elf/lib/mno-hw-mul\libsmallc.a(lib_a-exit.o)
                                        0x1f0 (size before relaxing)
 .debug_str     0x000000000000183e       0x44 d:/quartus/nios2eds/bin/gnu/h-x86_64-mingw32/bin/../lib/gcc/nios2-elf/5.3.0/../../../../../H-x86_64-mingw32/nios2-elf/lib/mno-hw-mul\libsmallc.a(lib_a-memcmp.o)
                                        0x1df (size before relaxing)
 .debug_str     0x0000000000001882       0x58 d:/quartus/nios2eds/bin/gnu/h-x86_64-mingw32/bin/../lib/gcc/nios2-elf/5.3.0/../../../../../H-x86_64-mingw32/nios2-elf/lib/mno-hw-mul\libsmallc.a(lib_a-memcpy.o)
                                        0x1f3 (size before relaxing)
 .debug_str     0x00000000000018da       0x65 d:/quartus/nios2eds/bin/gnu/h-x86_64-mingw32/bin/../lib/gcc/nios2-elf/5.3.0/../../../../../H-x86_64-mingw32/nios2-elf/lib/mno-hw-mul\libsmallc.a(lib_a-__call_atexit.o)
                                        0x4eb (size before relaxing)
 .debug_str     0x000000000000193f      0x148 d:/quartus/nios2eds/bin/gnu/h-x86_64-mingw32/bin/../lib/gcc/nios2-elf/5.3.0/mno-hw-mul\libgcc.a(lib2-mul.o)
                                        0x193 (size before relaxing)
 .debug_str     0x0000000000001a87       0x2a ../test_bsp/\libhal_bsp.a(alt_exit.o)
                                        0x13d (size before relaxing)

.debug_loc      0x0000000000000000      0x63b
 *(.debug_loc)
 .debug_loc     0x0000000000000000       0x97 d:/quartus/nios2eds/bin/gnu/h-x86_64-mingw32/bin/../lib/gcc/nios2-elf/5.3.0/../../../../../H-x86_64-mingw32/nios2-elf/lib/mno-hw-mul\libsmallc.a(lib_a-puts.o)
 .debug_loc     0x0000000000000097       0x1e d:/quartus/nios2eds/bin/gnu/h-x86_64-mingw32/bin/../lib/gcc/nios2-elf/5.3.0/../../../../../H-x86_64-mingw32/nios2-elf/lib/mno-hw-mul\libsmallc.a(lib_a-strlen.o)
 .debug_loc     0x00000000000000b5      0x110 d:/quartus/nios2eds/bin/gnu/h-x86_64-mingw32/bin/../lib/gcc/nios2-elf/5.3.0/../../../../../H-x86_64-mingw32/nios2-elf/lib/mno-hw-mul\libsmallc.a(lib_a-fvwrite_small_dev.o)
 .debug_loc     0x00000000000001c5       0xa5 d:/quartus/nios2eds/bin/gnu/h-x86_64-mingw32/bin/../lib/gcc/nios2-elf/5.3.0/../../../../../H-x86_64-mingw32/nios2-elf/lib/mno-hw-mul\libsmallc.a(lib_a-writer.o)
 .debug_loc     0x000000000000026a       0x1e d:/quartus/nios2eds/bin/gnu/h-x86_64-mingw32/bin/../lib/gcc/nios2-elf/5.3.0/../../../../../H-x86_64-mingw32/nios2-elf/lib/mno-hw-mul\libsmallc.a(lib_a-exit.o)
 .debug_loc     0x0000000000000288       0x94 d:/quartus/nios2eds/bin/gnu/h-x86_64-mingw32/bin/../lib/gcc/nios2-elf/5.3.0/../../../../../H-x86_64-mingw32/nios2-elf/lib/mno-hw-mul\libsmallc.a(lib_a-memcmp.o)
 .debug_loc     0x000000000000031c      0x135 d:/quartus/nios2eds/bin/gnu/h-x86_64-mingw32/bin/../lib/gcc/nios2-elf/5.3.0/../../../../../H-x86_64-mingw32/nios2-elf/lib/mno-hw-mul\libsmallc.a(lib_a-memcpy.o)
 .debug_loc     0x0000000000000451      0x157 d:/quartus/nios2eds/bin/gnu/h-x86_64-mingw32/bin/../lib/gcc/nios2-elf/5.3.0/../../../../../H-x86_64-mingw32/nios2-elf/lib/mno-hw-mul\libsmallc.a(lib_a-__call_atexit.o)
 .debug_loc     0x00000000000005a8       0x93 d:/quartus/nios2eds/bin/gnu/h-x86_64-mingw32/bin/../lib/gcc/nios2-elf/5.3.0/mno-hw-mul\libgcc.a(lib2-mul.o)

.debug_macinfo
 *(.debug_macinfo)

.debug_weaknames
 *(.debug_weaknames)

.debug_funcnames
 *(.debug_funcnames)

.debug_typenames
 *(.debug_typenames)

.debug_varnames
 *(.debug_varnames)

.debug_alt_sim_info
                0x0000000000000000       0x10
 *(.debug_alt_sim_info)
 .debug_alt_sim_info
                0x0000000000000000       0x10 ../test_bsp//obj/HAL/src/crt0.o
                0x000000000001bb80                __alt_data_end = 0x1bb80
                0x000000000001bb80                PROVIDE (__alt_stack_pointer, __alt_data_end)
                [!provide]                        PROVIDE (__alt_stack_limit, __alt_stack_base)
                [!provide]                        PROVIDE (__alt_heap_start, end)
                [!provide]                        PROVIDE (__alt_heap_limit, 0x1bb80)
OUTPUT(test.elf elf32-littlenios2)

.debug_ranges   0x0000000000000000      0x1a0
 .debug_ranges  0x0000000000000000       0x20 ../test_bsp//obj/HAL/src/crt0.o
 .debug_ranges  0x0000000000000020       0x18 d:/quartus/nios2eds/bin/gnu/h-x86_64-mingw32/bin/../lib/gcc/nios2-elf/5.3.0/../../../../../H-x86_64-mingw32/nios2-elf/lib/mno-hw-mul\libsmallc.a(lib_a-puts.o)
 .debug_ranges  0x0000000000000038       0x10 d:/quartus/nios2eds/bin/gnu/h-x86_64-mingw32/bin/../lib/gcc/nios2-elf/5.3.0/../../../../../H-x86_64-mingw32/nios2-elf/lib/mno-hw-mul\libsmallc.a(lib_a-strlen.o)
 .debug_ranges  0x0000000000000048       0x28 d:/quartus/nios2eds/bin/gnu/h-x86_64-mingw32/bin/../lib/gcc/nios2-elf/5.3.0/../../../../../H-x86_64-mingw32/nios2-elf/lib/mno-hw-mul\libsmallc.a(lib_a-fvwrite_small_dev.o)
 .debug_ranges  0x0000000000000070       0x10 d:/quartus/nios2eds/bin/gnu/h-x86_64-mingw32/bin/../lib/gcc/nios2-elf/5.3.0/../../../../../H-x86_64-mingw32/nios2-elf/lib/mno-hw-mul\libsmallc.a(lib_a-writer.o)
 .debug_ranges  0x0000000000000080       0x30 ../test_bsp/\libhal_bsp.a(altera_avalon_jtag_uart_init.o)
 .debug_ranges  0x00000000000000b0       0x18 ../test_bsp/\libhal_bsp.a(altera_avalon_jtag_uart_read.o)
 .debug_ranges  0x00000000000000c8       0x28 ../test_bsp/\libhal_bsp.a(alt_irq_entry.o)
 .debug_ranges  0x00000000000000f0       0x10 ../test_bsp/\libhal_bsp.a(alt_irq_handler.o)
 .debug_ranges  0x0000000000000100       0x30 ../test_bsp/\libhal_bsp.a(alt_exception_entry.o)
 .debug_ranges  0x0000000000000130       0x18 ../test_bsp/\libhal_bsp.a(alt_instruction_exception_entry.o)
 .debug_ranges  0x0000000000000148       0x10 d:/quartus/nios2eds/bin/gnu/h-x86_64-mingw32/bin/../lib/gcc/nios2-elf/5.3.0/../../../../../H-x86_64-mingw32/nios2-elf/lib/mno-hw-mul\libsmallc.a(lib_a-exit.o)
 .debug_ranges  0x0000000000000158       0x10 d:/quartus/nios2eds/bin/gnu/h-x86_64-mingw32/bin/../lib/gcc/nios2-elf/5.3.0/../../../../../H-x86_64-mingw32/nios2-elf/lib/mno-hw-mul\libsmallc.a(lib_a-memcmp.o)
 .debug_ranges  0x0000000000000168       0x10 d:/quartus/nios2eds/bin/gnu/h-x86_64-mingw32/bin/../lib/gcc/nios2-elf/5.3.0/../../../../../H-x86_64-mingw32/nios2-elf/lib/mno-hw-mul\libsmallc.a(lib_a-memcpy.o)
 .debug_ranges  0x0000000000000178       0x28 d:/quartus/nios2eds/bin/gnu/h-x86_64-mingw32/bin/../lib/gcc/nios2-elf/5.3.0/../../../../../H-x86_64-mingw32/nios2-elf/lib/mno-hw-mul\libsmallc.a(lib_a-__call_atexit.o)
